Archive member included to satisfy reference by file (symbol)

c:/st/stm32cubeide_1.10.1/stm32cubeide/plugins/com.st.stm32cube.ide.mcu.externaltools.gnu-tools-for-stm32.10.3-2021.10.win32_1.0.0.202111181127/tools/bin/../lib/gcc/arm-none-eabi/10.3.1/../../../../arm-none-eabi/lib/thumb/v7e-m+fp/hard\libc_nano.a(lib_a-errno.o)
                              ./Core/Src/syscalls.o (__errno)
c:/st/stm32cubeide_1.10.1/stm32cubeide/plugins/com.st.stm32cube.ide.mcu.externaltools.gnu-tools-for-stm32.10.3-2021.10.win32_1.0.0.202111181127/tools/bin/../lib/gcc/arm-none-eabi/10.3.1/../../../../arm-none-eabi/lib/thumb/v7e-m+fp/hard\libc_nano.a(lib_a-exit.o)
                              c:/st/stm32cubeide_1.10.1/stm32cubeide/plugins/com.st.stm32cube.ide.mcu.externaltools.gnu-tools-for-stm32.10.3-2021.10.win32_1.0.0.202111181127/tools/bin/../lib/gcc/arm-none-eabi/10.3.1/../../../../arm-none-eabi/lib/thumb/v7e-m+fp/hard/crt0.o (exit)
c:/st/stm32cubeide_1.10.1/stm32cubeide/plugins/com.st.stm32cube.ide.mcu.externaltools.gnu-tools-for-stm32.10.3-2021.10.win32_1.0.0.202111181127/tools/bin/../lib/gcc/arm-none-eabi/10.3.1/../../../../arm-none-eabi/lib/thumb/v7e-m+fp/hard\libc_nano.a(lib_a-impure.o)
                              c:/st/stm32cubeide_1.10.1/stm32cubeide/plugins/com.st.stm32cube.ide.mcu.externaltools.gnu-tools-for-stm32.10.3-2021.10.win32_1.0.0.202111181127/tools/bin/../lib/gcc/arm-none-eabi/10.3.1/../../../../arm-none-eabi/lib/thumb/v7e-m+fp/hard\libc_nano.a(lib_a-exit.o) (_global_impure_ptr)
c:/st/stm32cubeide_1.10.1/stm32cubeide/plugins/com.st.stm32cube.ide.mcu.externaltools.gnu-tools-for-stm32.10.3-2021.10.win32_1.0.0.202111181127/tools/bin/../lib/gcc/arm-none-eabi/10.3.1/../../../../arm-none-eabi/lib/thumb/v7e-m+fp/hard\libc_nano.a(lib_a-init.o)
                              c:/st/stm32cubeide_1.10.1/stm32cubeide/plugins/com.st.stm32cube.ide.mcu.externaltools.gnu-tools-for-stm32.10.3-2021.10.win32_1.0.0.202111181127/tools/bin/../lib/gcc/arm-none-eabi/10.3.1/../../../../arm-none-eabi/lib/thumb/v7e-m+fp/hard/crt0.o (__libc_init_array)
c:/st/stm32cubeide_1.10.1/stm32cubeide/plugins/com.st.stm32cube.ide.mcu.externaltools.gnu-tools-for-stm32.10.3-2021.10.win32_1.0.0.202111181127/tools/bin/../lib/gcc/arm-none-eabi/10.3.1/../../../../arm-none-eabi/lib/thumb/v7e-m+fp/hard\libc_nano.a(lib_a-memset.o)
                              c:/st/stm32cubeide_1.10.1/stm32cubeide/plugins/com.st.stm32cube.ide.mcu.externaltools.gnu-tools-for-stm32.10.3-2021.10.win32_1.0.0.202111181127/tools/bin/../lib/gcc/arm-none-eabi/10.3.1/../../../../arm-none-eabi/lib/thumb/v7e-m+fp/hard/crt0.o (memset)
c:/st/stm32cubeide_1.10.1/stm32cubeide/plugins/com.st.stm32cube.ide.mcu.externaltools.gnu-tools-for-stm32.10.3-2021.10.win32_1.0.0.202111181127/tools/bin/../lib/gcc/arm-none-eabi/10.3.1/../../../../arm-none-eabi/lib/thumb/v7e-m+fp/hard\libc_nano.a(lib_a-strlen.o)
                              ./Core/Src/lcd.o (strlen)
c:/st/stm32cubeide_1.10.1/stm32cubeide/plugins/com.st.stm32cube.ide.mcu.externaltools.gnu-tools-for-stm32.10.3-2021.10.win32_1.0.0.202111181127/tools/bin/../lib/gcc/arm-none-eabi/10.3.1/thumb/v7e-m+fp/hard\libgcc.a(_aeabi_uldivmod.o)
                              ./Drivers/STM32F4xx_HAL_Driver/Src/stm32f4xx_hal_rcc.o (__aeabi_uldivmod)
c:/st/stm32cubeide_1.10.1/stm32cubeide/plugins/com.st.stm32cube.ide.mcu.externaltools.gnu-tools-for-stm32.10.3-2021.10.win32_1.0.0.202111181127/tools/bin/../lib/gcc/arm-none-eabi/10.3.1/thumb/v7e-m+fp/hard\libgcc.a(_udivmoddi4.o)
                              c:/st/stm32cubeide_1.10.1/stm32cubeide/plugins/com.st.stm32cube.ide.mcu.externaltools.gnu-tools-for-stm32.10.3-2021.10.win32_1.0.0.202111181127/tools/bin/../lib/gcc/arm-none-eabi/10.3.1/thumb/v7e-m+fp/hard\libgcc.a(_aeabi_uldivmod.o) (__udivmoddi4)
c:/st/stm32cubeide_1.10.1/stm32cubeide/plugins/com.st.stm32cube.ide.mcu.externaltools.gnu-tools-for-stm32.10.3-2021.10.win32_1.0.0.202111181127/tools/bin/../lib/gcc/arm-none-eabi/10.3.1/thumb/v7e-m+fp/hard\libgcc.a(_dvmd_tls.o)
                              c:/st/stm32cubeide_1.10.1/stm32cubeide/plugins/com.st.stm32cube.ide.mcu.externaltools.gnu-tools-for-stm32.10.3-2021.10.win32_1.0.0.202111181127/tools/bin/../lib/gcc/arm-none-eabi/10.3.1/thumb/v7e-m+fp/hard\libgcc.a(_aeabi_uldivmod.o) (__aeabi_ldiv0)

Discarded input sections

 .text          0x0000000000000000        0x0 c:/st/stm32cubeide_1.10.1/stm32cubeide/plugins/com.st.stm32cube.ide.mcu.externaltools.gnu-tools-for-stm32.10.3-2021.10.win32_1.0.0.202111181127/tools/bin/../lib/gcc/arm-none-eabi/10.3.1/thumb/v7e-m+fp/hard/crti.o
 .data          0x0000000000000000        0x0 c:/st/stm32cubeide_1.10.1/stm32cubeide/plugins/com.st.stm32cube.ide.mcu.externaltools.gnu-tools-for-stm32.10.3-2021.10.win32_1.0.0.202111181127/tools/bin/../lib/gcc/arm-none-eabi/10.3.1/thumb/v7e-m+fp/hard/crti.o
[...]
Memory Configuration

Name             Origin             Length             Attributes
CCMRAM           0x0000000010000000 0x0000000000010000 xrw
RAM              0x0000000020000000 0x0000000000020000 xrw
FLASH            0x0000000008000000 0x0000000000100000 xr
*default*        0x0000000000000000 0xffffffffffffffff

Linker script and memory map

LOAD c:/st/stm32cubeide_1.10.1/stm32cubeide/plugins/com.st.stm32cube.ide.mcu.externaltools.gnu-tools-for-stm32.10.3-2021.10.win32_1.0.0.202111181127/tools/bin/../lib/gcc/arm-none-eabi/10.3.1/thumb/v7e-m+fp/hard/crti.o
LOAD c:/st/stm32cubeide_1.10.1/stm32cubeide/plugins/com.st.stm32cube.ide.mcu.externaltools.gnu-tools-for-stm32.10.3-2021.10.win32_1.0.0.202111181127/tools/bin/../lib/gcc/arm-none-eabi/10.3.1/thumb/v7e-m+fp/hard/crtbegin.o
LOAD c:/st/stm32cubeide_1.10.1/stm32cubeide/plugins/com.st.stm32cube.ide.mcu.externaltools.gnu-tools-for-stm32.10.3-2021.10.win32_1.0.0.202111181127/tools/bin/../lib/gcc/arm-none-eabi/10.3.1/../../../../arm-none-eabi/lib/thumb/v7e-m+fp/hard/crt0.o
LOAD ./Core/Src/button.o
LOAD ./Core/Src/ds3231.o
LOAD ./Core/Src/fsm.o
LOAD ./Core/Src/fsmc.o
LOAD ./Core/Src/global.o
LOAD ./Core/Src/gpio.o
LOAD ./Core/Src/i2c.o
LOAD ./Core/Src/lcd.o
LOAD ./Core/Src/led_7seg.o
LOAD ./Core/Src/main.o
LOAD ./Core/Src/picture.o
LOAD ./Core/Src/software_timer.o
LOAD ./Core/Src/spi.o
LOAD ./Core/Src/stm32f4xx_hal_msp.o
LOAD ./Core/Src/stm32f4xx_it.o
LOAD ./Core/Src/syscalls.o
LOAD ./Core/Src/sysmem.o
LOAD ./Core/Src/system_stm32f4xx.o
LOAD ./Core/Src/tim.o
LOAD ./Core/Src/utils.o
LOAD ./Core/Startup/startup_stm32f407zetx.o
LOAD ./Drivers/STM32F4xx_HAL_Driver/Src/stm32f4xx_hal.o
LOAD ./Drivers/STM32F4xx_HAL_Driver/Src/stm32f4xx_hal_cortex.o
LOAD ./Drivers/STM32F4xx_HAL_Driver/Src/stm32f4xx_hal_dma.o
LOAD ./Drivers/STM32F4xx_HAL_Driver/Src/stm32f4xx_hal_dma_ex.o
LOAD ./Drivers/STM32F4xx_HAL_Driver/Src/stm32f4xx_hal_exti.o
LOAD ./Drivers/STM32F4xx_HAL_Driver/Src/stm32f4xx_hal_flash.o
LOAD ./Drivers/STM32F4xx_HAL_Driver/Src/stm32f4xx_hal_flash_ex.o
LOAD ./Drivers/STM32F4xx_HAL_Driver/Src/stm32f4xx_hal_flash_ramfunc.o
LOAD ./Drivers/STM32F4xx_HAL_Driver/Src/stm32f4xx_hal_gpio.o
LOAD ./Drivers/STM32F4xx_HAL_Driver/Src/stm32f4xx_hal_i2c.o
LOAD ./Drivers/STM32F4xx_HAL_Driver/Src/stm32f4xx_hal_i2c_ex.o
LOAD ./Drivers/STM32F4xx_HAL_Driver/Src/stm32f4xx_hal_pwr.o
LOAD ./Drivers/STM32F4xx_HAL_Driver/Src/stm32f4xx_hal_pwr_ex.o
LOAD ./Drivers/STM32F4xx_HAL_Driver/Src/stm32f4xx_hal_rcc.o
LOAD ./Drivers/STM32F4xx_HAL_Driver/Src/stm32f4xx_hal_rcc_ex.o
LOAD ./Drivers/STM32F4xx_HAL_Driver/Src/stm32f4xx_hal_spi.o
LOAD ./Drivers/STM32F4xx_HAL_Driver/Src/stm32f4xx_hal_sram.o
LOAD ./Drivers/STM32F4xx_HAL_Driver/Src/stm32f4xx_hal_tim.o
LOAD ./Drivers/STM32F4xx_HAL_Driver/Src/stm32f4xx_hal_tim_ex.o
LOAD ./Drivers/STM32F4xx_HAL_Driver/Src/stm32f4xx_ll_fsmc.o
START GROUP
LOAD c:/st/stm32cubeide_1.10.1/stm32cubeide/plugins/com.st.stm32cube.ide.mcu.externaltools.gnu-tools-for-stm32.10.3-2021.10.win32_1.0.0.202111181127/tools/bin/../lib/gcc/arm-none-eabi/10.3.1/../../../../arm-none-eabi/lib/thumb/v7e-m+fp/hard\libc_nano.a
LOAD c:/st/stm32cubeide_1.10.1/stm32cubeide/plugins/com.st.stm32cube.ide.mcu.externaltools.gnu-tools-for-stm32.10.3-2021.10.win32_1.0.0.202111181127/tools/bin/../lib/gcc/arm-none-eabi/10.3.1/../../../../arm-none-eabi/lib/thumb/v7e-m+fp/hard\libm.a
END GROUP
START GROUP
LOAD c:/st/stm32cubeide_1.10.1/stm32cubeide/plugins/com.st.stm32cube.ide.mcu.externaltools.gnu-tools-for-stm32.10.3-2021.10.win32_1.0.0.202111181127/tools/bin/../lib/gcc/arm-none-eabi/10.3.1/thumb/v7e-m+fp/hard\libgcc.a
LOAD c:/st/stm32cubeide_1.10.1/stm32cubeide/plugins/com.st.stm32cube.ide.mcu.externaltools.gnu-tools-for-stm32.10.3-2021.10.win32_1.0.0.202111181127/tools/bin/../lib/gcc/arm-none-eabi/10.3.1/../../../../arm-none-eabi/lib/thumb/v7e-m+fp/hard\libc_nano.a
END GROUP
START GROUP
LOAD c:/st/stm32cubeide_1.10.1/stm32cubeide/plugins/com.st.stm32cube.ide.mcu.externaltools.gnu-tools-for-stm32.10.3-2021.10.win32_1.0.0.202111181127/tools/bin/../lib/gcc/arm-none-eabi/10.3.1/thumb/v7e-m+fp/hard\libgcc.a
LOAD c:/st/stm32cubeide_1.10.1/stm32cubeide/plugins/com.st.stm32cube.ide.mcu.externaltools.gnu-tools-for-stm32.10.3-2021.10.win32_1.0.0.202111181127/tools/bin/../lib/gcc/arm-none-eabi/10.3.1/../../../../arm-none-eabi/lib/thumb/v7e-m+fp/hard\libc_nano.a
LOAD c:/st/stm32cubeide_1.10.1/stm32cubeide/plugins/com.st.stm32cube.ide.mcu.externaltools.gnu-tools-for-stm32.10.3-2021.10.win32_1.0.0.202111181127/tools/bin/../lib/gcc/arm-none-eabi/10.3.1/../../../../arm-none-eabi/lib/thumb/v7e-m+fp/hard\libnosys.a
END GROUP
START GROUP
LOAD c:/st/stm32cubeide_1.10.1/stm32cubeide/plugins/com.st.stm32cube.ide.mcu.externaltools.gnu-tools-for-stm32.10.3-2021.10.win32_1.0.0.202111181127/tools/bin/../lib/gcc/arm-none-eabi/10.3.1/thumb/v7e-m+fp/hard\libgcc.a
LOAD c:/st/stm32cubeide_1.10.1/stm32cubeide/plugins/com.st.stm32cube.ide.mcu.externaltools.gnu-tools-for-stm32.10.3-2021.10.win32_1.0.0.202111181127/tools/bin/../lib/gcc/arm-none-eabi/10.3.1/../../../../arm-none-eabi/lib/thumb/v7e-m+fp/hard\libc_nano.a
LOAD c:/st/stm32cubeide_1.10.1/stm32cubeide/plugins/com.st.stm32cube.ide.mcu.externaltools.gnu-tools-for-stm32.10.3-2021.10.win32_1.0.0.202111181127/tools/bin/../lib/gcc/arm-none-eabi/10.3.1/../../../../arm-none-eabi/lib/thumb/v7e-m+fp/hard\libnosys.a
END GROUP
LOAD c:/st/stm32cubeide_1.10.1/stm32cubeide/plugins/com.st.stm32cube.ide.mcu.externaltools.gnu-tools-for-stm32.10.3-2021.10.win32_1.0.0.202111181127/tools/bin/../lib/gcc/arm-none-eabi/10.3.1/thumb/v7e-m+fp/hard/crtend.o
LOAD c:/st/stm32cubeide_1.10.1/stm32cubeide/plugins/com.st.stm32cube.ide.mcu.externaltools.gnu-tools-for-stm32.10.3-2021.10.win32_1.0.0.202111181127/tools/bin/../lib/gcc/arm-none-eabi/10.3.1/thumb/v7e-m+fp/hard/crtn.o
                0x0000000020020000                _estack = (ORIGIN (RAM) + LENGTH (RAM))
                0x0000000000000200                _Min_Heap_Size = 0x200
                0x0000000000000400                _Min_Stack_Size = 0x400

.isr_vector     0x0000000008000000      0x188
                0x0000000008000000                . = ALIGN (0x4)
 *(.isr_vector)
 .isr_vector    0x0000000008000000      0x188 ./Core/Startup/startup_stm32f407zetx.o
                0x0000000008000000                g_pfnVectors
                0x0000000008000188                . = ALIGN (0x4)

.text           0x0000000008000188     0x5258
                0x0000000008000188                . = ALIGN (0x4)
 *(.text)
 .text          0x0000000008000188       0x40 c:/st/stm32cubeide_1.10.1/stm32cubeide/plugins/com.st.stm32cube.ide.mcu.externaltools.gnu-tools-for-stm32.10.3-2021.10.win32_1.0.0.202111181127/tools/bin/../lib/gcc/arm-none-eabi/10.3.1/thumb/v7e-m+fp/hard/crtbegin.o
 .text          0x00000000080001c8       0x30 c:/st/stm32cubeide_1.10.1/stm32cubeide/plugins/com.st.stm32cube.ide.mcu.externaltools.gnu-tools-for-stm32.10.3-2021.10.win32_1.0.0.202111181127/tools/bin/../lib/gcc/arm-none-eabi/10.3.1/thumb/v7e-m+fp/hard\libgcc.a(_aeabi_uldivmod.o)
                0x00000000080001c8                __aeabi_uldivmod
 .text          0x00000000080001f8      0x2d0 c:/st/stm32cubeide_1.10.1/stm32cubeide/plugins/com.st.stm32cube.ide.mcu.externaltools.gnu-tools-for-stm32.10.3-2021.10.win32_1.0.0.202111181127/tools/bin/../lib/gcc/arm-none-eabi/10.3.1/thumb/v7e-m+fp/hard\libgcc.a(_udivmoddi4.o)
                0x00000000080001f8                __udivmoddi4
 .text          0x00000000080004c8        0x4 c:/st/stm32cubeide_1.10.1/stm32cubeide/plugins/com.st.stm32cube.ide.mcu.externaltools.gnu-tools-for-stm32.10.3-2021.10.win32_1.0.0.202111181127/tools/bin/../lib/gcc/arm-none-eabi/10.3.1/thumb/v7e-m+fp/hard\libgcc.a(_dvmd_tls.o)
                0x00000000080004c8                __aeabi_idiv0
                0x00000000080004c8                __aeabi_ldiv0
 *(.text*)
 .text.button_init
                0x00000000080004cc       0x18 ./Core/Src/button.o
                0x00000000080004cc                button_init
 .text.button_Scan
                0x00000000080004e4       0xd8 ./Core/Src/button.o
                0x00000000080004e4                button_Scan
 .text.ds3231_init
                0x00000000080005bc       0x88 ./Core/Src/ds3231.o
                0x00000000080005bc                ds3231_init
 .text.ds3231_Write
                0x0000000008000644       0x44 ./Core/Src/ds3231.o
                0x0000000008000644                ds3231_Write
 .text.ds3231_ReadTime
                0x0000000008000688       0xc8 ./Core/Src/ds3231.o
                0x0000000008000688                ds3231_ReadTime
 .text.MX_FSMC_Init
                0x0000000008000750       0xf4 ./Core/Src/fsmc.o
                0x0000000008000750                MX_FSMC_Init
 .text.HAL_FSMC_MspInit
                0x0000000008000844       0x98 ./Core/Src/fsmc.o
 .text.HAL_SRAM_MspInit
                0x00000000080008dc       0x14 ./Core/Src/fsmc.o
                0x00000000080008dc                HAL_SRAM_MspInit
 .text.MX_GPIO_Init
                0x00000000080008f0      0x1f0 ./Core/Src/gpio.o
                0x00000000080008f0                MX_GPIO_Init
 .text.MX_I2C1_Init
                0x0000000008000ae0       0x5c ./Core/Src/i2c.o
                0x0000000008000ae0                MX_I2C1_Init
 .text.HAL_I2C_MspInit
                0x0000000008000b3c       0x90 ./Core/Src/i2c.o
                0x0000000008000b3c                HAL_I2C_MspInit
 .text.LCD_WR_REG
                0x0000000008000bcc       0x20 ./Core/Src/lcd.o
                0x0000000008000bcc                LCD_WR_REG
 .text.LCD_WR_DATA
                0x0000000008000bec       0x20 ./Core/Src/lcd.o
                0x0000000008000bec                LCD_WR_DATA
 .text.LCD_RD_DATA
                0x0000000008000c0c       0x24 ./Core/Src/lcd.o
                0x0000000008000c0c                LCD_RD_DATA
 .text.lcd_AddressSet
                0x0000000008000c30       0x98 ./Core/Src/lcd.o
                0x0000000008000c30                lcd_AddressSet
 .text.lcd_Clear
                0x0000000008000cc8       0x74 ./Core/Src/lcd.o
                0x0000000008000cc8                lcd_Clear
 .text.lcd_DrawPoint
                0x0000000008000d3c       0x2e ./Core/Src/lcd.o
                0x0000000008000d3c                lcd_DrawPoint
 *fill*         0x0000000008000d6a        0x2 
 .text.lcd_ShowChar
                0x0000000008000d6c      0x1a0 ./Core/Src/lcd.o
                0x0000000008000d6c                lcd_ShowChar
 .text.mypow    0x0000000008000f0c       0x38 ./Core/Src/lcd.o
                0x0000000008000f0c                mypow
 .text.lcd_ShowIntNum
                0x0000000008000f44       0xfc ./Core/Src/lcd.o
                0x0000000008000f44                lcd_ShowIntNum
 .text.lcd_SetDir
                0x0000000008001040       0x48 ./Core/Src/lcd.o
                0x0000000008001040                lcd_SetDir
 .text.lcd_init
                0x0000000008001088      0x2c0 ./Core/Src/lcd.o
                0x0000000008001088                lcd_init
 .text.led7_init
                0x0000000008001348       0x18 ./Core/Src/led_7seg.o
                0x0000000008001348                led7_init
 .text.led7_Scan
                0x0000000008001360      0x118 ./Core/Src/led_7seg.o
                0x0000000008001360                led7_Scan
 .text.main     0x0000000008001478       0x50 ./Core/Src/main.o
                0x0000000008001478                main
 .text.SystemClock_Config
                0x00000000080014c8       0xd4 ./Core/Src/main.o
                0x00000000080014c8                SystemClock_Config
 .text.system_init
                0x000000000800159c       0x44 ./Core/Src/main.o
                0x000000000800159c                system_init
 .text.updateTime
                0x00000000080015e0       0x40 ./Core/Src/main.o
                0x00000000080015e0                updateTime
 .text.displayTime
                0x0000000008001620       0xfc ./Core/Src/main.o
                0x0000000008001620                displayTime
 .text.Error_Handler
                0x000000000800171c        0xa ./Core/Src/main.o
                0x000000000800171c                Error_Handler
 *fill*         0x0000000008001726        0x2 
 .text.timer_init
                0x0000000008001728       0x14 ./Core/Src/software_timer.o
                0x0000000008001728                timer_init
 .text.setTimer2
                0x000000000800173c       0x38 ./Core/Src/software_timer.o
                0x000000000800173c                setTimer2
 .text.HAL_TIM_PeriodElapsedCallback
                0x0000000008001774       0x54 ./Core/Src/software_timer.o
                0x0000000008001774                HAL_TIM_PeriodElapsedCallback
 .text.MX_SPI1_Init
                0x00000000080017c8       0x6c ./Core/Src/spi.o
                0x00000000080017c8                MX_SPI1_Init
 .text.HAL_SPI_MspInit
                0x0000000008001834       0x90 ./Core/Src/spi.o
                0x0000000008001834                HAL_SPI_MspInit
 .text.HAL_MspInit
                0x00000000080018c4       0x50 ./Core/Src/stm32f4xx_hal_msp.o
                0x00000000080018c4                HAL_MspInit
 .text.NMI_Handler
                0x0000000008001914        0x6 ./Core/Src/stm32f4xx_it.o
                0x0000000008001914                NMI_Handler
 .text.HardFault_Handler
                0x000000000800191a        0x6 ./Core/Src/stm32f4xx_it.o
                0x000000000800191a                HardFault_Handler
 .text.MemManage_Handler
                0x0000000008001920        0x6 ./Core/Src/stm32f4xx_it.o
                0x0000000008001920                MemManage_Handler
 .text.BusFault_Handler
                0x0000000008001926        0x6 ./Core/Src/stm32f4xx_it.o
                0x0000000008001926                BusFault_Handler
 .text.UsageFault_Handler
                0x000000000800192c        0x6 ./Core/Src/stm32f4xx_it.o
                0x000000000800192c                UsageFault_Handler
 .text.SVC_Handler
                0x0000000008001932        0xe ./Core/Src/stm32f4xx_it.o
                0x0000000008001932                SVC_Handler
 .text.DebugMon_Handler
                0x0000000008001940        0xe ./Core/Src/stm32f4xx_it.o
                0x0000000008001940                DebugMon_Handler
 .text.PendSV_Handler
                0x000000000800194e        0xe ./Core/Src/stm32f4xx_it.o
                0x000000000800194e                PendSV_Handler
 .text.SysTick_Handler
                0x000000000800195c        0xc ./Core/Src/stm32f4xx_it.o
                0x000000000800195c                SysTick_Handler
 .text.TIM2_IRQHandler
                0x0000000008001968       0x14 ./Core/Src/stm32f4xx_it.o
                0x0000000008001968                TIM2_IRQHandler
 .text.SystemInit
                0x000000000800197c       0x24 ./Core/Src/system_stm32f4xx.o
                0x000000000800197c                SystemInit
 .text.MX_TIM2_Init
                0x00000000080019a0       0x98 ./Core/Src/tim.o
                0x00000000080019a0                MX_TIM2_Init
 .text.HAL_TIM_Base_MspInit
                0x0000000008001a38       0x4c ./Core/Src/tim.o
                0x0000000008001a38                HAL_TIM_Base_MspInit
 .text.BCD2DEC  0x0000000008001a84       0x32 ./Core/Src/utils.o
                0x0000000008001a84                BCD2DEC
 *fill*         0x0000000008001ab6        0x2 
 .text.DEC2BCD  0x0000000008001ab8       0x48 ./Core/Src/utils.o
                0x0000000008001ab8                DEC2BCD
 .text.Reset_Handler
                0x0000000008001b00       0x50 ./Core/Startup/startup_stm32f407zetx.o
                0x0000000008001b00                Reset_Handler
 .text.Default_Handler
                0x0000000008001b50        0x2 ./Core/Startup/startup_stm32f407zetx.o
                0x0000000008001b50                RTC_Alarm_IRQHandler
                0x0000000008001b50                HASH_RNG_IRQHandler
                0x0000000008001b50                EXTI2_IRQHandler
                0x0000000008001b50                TIM8_CC_IRQHandler
                0x0000000008001b50                TIM1_CC_IRQHandler
                0x0000000008001b50                DMA2_Stream5_IRQHandler
                0x0000000008001b50                DMA1_Stream5_IRQHandler
                0x0000000008001b50                PVD_IRQHandler
                0x0000000008001b50                SDIO_IRQHandler
                0x0000000008001b50                TAMP_STAMP_IRQHandler
                0x0000000008001b50                CAN2_RX1_IRQHandler
                0x0000000008001b50                EXTI3_IRQHandler
                0x0000000008001b50                TIM8_TRG_COM_TIM14_IRQHandler
                0x0000000008001b50                TIM1_UP_TIM10_IRQHandler
                0x0000000008001b50                TIM8_UP_TIM13_IRQHandler
                0x0000000008001b50                I2C3_ER_IRQHandler
                0x0000000008001b50                EXTI0_IRQHandler
                0x0000000008001b50                I2C2_EV_IRQHandler
                0x0000000008001b50                DMA1_Stream2_IRQHandler
                0x0000000008001b50                CAN1_RX0_IRQHandler
                0x0000000008001b50                FPU_IRQHandler
                0x0000000008001b50                OTG_HS_WKUP_IRQHandler
                0x0000000008001b50                CAN2_SCE_IRQHandler
                0x0000000008001b50                DMA2_Stream2_IRQHandler
                0x0000000008001b50                SPI1_IRQHandler
                0x0000000008001b50                TIM6_DAC_IRQHandler
                0x0000000008001b50                TIM1_BRK_TIM9_IRQHandler
                0x0000000008001b50                DCMI_IRQHandler
                0x0000000008001b50                CAN2_RX0_IRQHandler
                0x0000000008001b50                DMA2_Stream3_IRQHandler
                0x0000000008001b50                USART6_IRQHandler
                0x0000000008001b50                USART3_IRQHandler
                0x0000000008001b50                CAN1_RX1_IRQHandler
                0x0000000008001b50                UART5_IRQHandler
                0x0000000008001b50                DMA2_Stream0_IRQHandler
                0x0000000008001b50                TIM4_IRQHandler
                0x0000000008001b50                I2C1_EV_IRQHandler
                0x0000000008001b50                DMA1_Stream6_IRQHandler
                0x0000000008001b50                DMA1_Stream1_IRQHandler
                0x0000000008001b50                UART4_IRQHandler
                0x0000000008001b50                TIM3_IRQHandler
                0x0000000008001b50                RCC_IRQHandler
                0x0000000008001b50                TIM8_BRK_TIM12_IRQHandler
                0x0000000008001b50                Default_Handler
                0x0000000008001b50                EXTI15_10_IRQHandler
                0x0000000008001b50                ADC_IRQHandler
                0x0000000008001b50                DMA1_Stream7_IRQHandler
                0x0000000008001b50                TIM7_IRQHandler
                0x0000000008001b50                CAN2_TX_IRQHandler
                0x0000000008001b50                TIM5_IRQHandler
                0x0000000008001b50                DMA2_Stream7_IRQHandler
                0x0000000008001b50                I2C3_EV_IRQHandler
                0x0000000008001b50                EXTI9_5_IRQHandler
                0x0000000008001b50                RTC_WKUP_IRQHandler
                0x0000000008001b50                ETH_WKUP_IRQHandler
                0x0000000008001b50                SPI2_IRQHandler
                0x0000000008001b50                OTG_HS_EP1_IN_IRQHandler
                0x0000000008001b50                DMA1_Stream0_IRQHandler
                0x0000000008001b50                CAN1_TX_IRQHandler
                0x0000000008001b50                EXTI4_IRQHandler
                0x0000000008001b50                FSMC_IRQHandler
                0x0000000008001b50                ETH_IRQHandler
                0x0000000008001b50                OTG_HS_EP1_OUT_IRQHandler
                0x0000000008001b50                WWDG_IRQHandler
                0x0000000008001b50                OTG_FS_WKUP_IRQHandler
                0x0000000008001b50                TIM1_TRG_COM_TIM11_IRQHandler
                0x0000000008001b50                OTG_HS_IRQHandler
                0x0000000008001b50                EXTI1_IRQHandler
                0x0000000008001b50                USART2_IRQHandler
                0x0000000008001b50                I2C2_ER_IRQHandler
                0x0000000008001b50                DMA2_Stream1_IRQHandler
                0x0000000008001b50                CAN1_SCE_IRQHandler
                0x0000000008001b50                FLASH_IRQHandler
                0x0000000008001b50                DMA2_Stream4_IRQHandler
                0x0000000008001b50                USART1_IRQHandler
                0x0000000008001b50                OTG_FS_IRQHandler
                0x0000000008001b50                SPI3_IRQHandler
                0x0000000008001b50                DMA1_Stream4_IRQHandler
                0x0000000008001b50                I2C1_ER_IRQHandler
                0x0000000008001b50                DMA2_Stream6_IRQHandler
                0x0000000008001b50                DMA1_Stream3_IRQHandler
 *fill*         0x0000000008001b52        0x2 
 .text.HAL_Init
                0x0000000008001b54       0x44 ./Drivers/STM32F4xx_HAL_Driver/Src/stm32f4xx_hal.o
                0x0000000008001b54                HAL_Init
 .text.HAL_InitTick
                0x0000000008001b98       0x60 ./Drivers/STM32F4xx_HAL_Driver/Src/stm32f4xx_hal.o
                0x0000000008001b98                HAL_InitTick
 .text.HAL_IncTick
                0x0000000008001bf8       0x28 ./Drivers/STM32F4xx_HAL_Driver/Src/stm32f4xx_hal.o
                0x0000000008001bf8                HAL_IncTick
 .text.HAL_GetTick
                0x0000000008001c20       0x18 ./Drivers/STM32F4xx_HAL_Driver/Src/stm32f4xx_hal.o
                0x0000000008001c20                HAL_GetTick
 .text.HAL_Delay
                0x0000000008001c38       0x48 ./Drivers/STM32F4xx_HAL_Driver/Src/stm32f4xx_hal.o
                0x0000000008001c38                HAL_Delay
 .text.__NVIC_SetPriorityGrouping
                0x0000000008001c80       0x48 ./Drivers/STM32F4xx_HAL_Driver/Src/stm32f4xx_hal_cortex.o
 .text.__NVIC_GetPriorityGrouping
                0x0000000008001cc8       0x1c ./Drivers/STM32F4xx_HAL_Driver/Src/stm32f4xx_hal_cortex.o
 .text.__NVIC_EnableIRQ
                0x0000000008001ce4       0x3c ./Drivers/STM32F4xx_HAL_Driver/Src/stm32f4xx_hal_cortex.o
 .text.__NVIC_SetPriority
                0x0000000008001d20       0x54 ./Drivers/STM32F4xx_HAL_Driver/Src/stm32f4xx_hal_cortex.o
 .text.NVIC_EncodePriority
                0x0000000008001d74       0x66 ./Drivers/STM32F4xx_HAL_Driver/Src/stm32f4xx_hal_cortex.o
 *fill*         0x0000000008001dda        0x2 
 .text.SysTick_Config
                0x0000000008001ddc       0x44 ./Drivers/STM32F4xx_HAL_Driver/Src/stm32f4xx_hal_cortex.o
 .text.HAL_NVIC_SetPriorityGrouping
                0x0000000008001e20       0x16 ./Drivers/STM32F4xx_HAL_Driver/Src/stm32f4xx_hal_cortex.o
                0x0000000008001e20                HAL_NVIC_SetPriorityGrouping
 .text.HAL_NVIC_SetPriority
                0x0000000008001e36       0x38 ./Drivers/STM32F4xx_HAL_Driver/Src/stm32f4xx_hal_cortex.o
                0x0000000008001e36                HAL_NVIC_SetPriority
 .text.HAL_NVIC_EnableIRQ
                0x0000000008001e6e       0x1c ./Drivers/STM32F4xx_HAL_Driver/Src/stm32f4xx_hal_cortex.o
                0x0000000008001e6e                HAL_NVIC_EnableIRQ
 .text.HAL_SYSTICK_Config
                0x0000000008001e8a       0x18 ./Drivers/STM32F4xx_HAL_Driver/Src/stm32f4xx_hal_cortex.o
                0x0000000008001e8a                HAL_SYSTICK_Config
 *fill*         0x0000000008001ea2        0x2 
 .text.HAL_GPIO_Init
                0x0000000008001ea4      0x338 ./Drivers/STM32F4xx_HAL_Driver/Src/stm32f4xx_hal_gpio.o
                0x0000000008001ea4                HAL_GPIO_Init
 .text.HAL_GPIO_WritePin
                0x00000000080021dc       0x32 ./Drivers/STM32F4xx_HAL_Driver/Src/stm32f4xx_hal_gpio.o
                0x00000000080021dc                HAL_GPIO_WritePin
 *fill*         0x000000000800220e        0x2 
 .text.HAL_I2C_Init
                0x0000000008002210      0x288 ./Drivers/STM32F4xx_HAL_Driver/Src/stm32f4xx_hal_i2c.o
                0x0000000008002210                HAL_I2C_Init
 .text.HAL_I2C_Mem_Write
                0x0000000008002498      0x1f4 ./Drivers/STM32F4xx_HAL_Driver/Src/stm32f4xx_hal_i2c.o
                0x0000000008002498                HAL_I2C_Mem_Write
 .text.HAL_I2C_Mem_Read
                0x000000000800268c      0x44c ./Drivers/STM32F4xx_HAL_Driver/Src/stm32f4xx_hal_i2c.o
                0x000000000800268c                HAL_I2C_Mem_Read
 .text.HAL_I2C_IsDeviceReady
                0x0000000008002ad8      0x25c ./Drivers/STM32F4xx_HAL_Driver/Src/stm32f4xx_hal_i2c.o
                0x0000000008002ad8                HAL_I2C_IsDeviceReady
 .text.I2C_RequestMemoryWrite
                0x0000000008002d34      0x12c ./Drivers/STM32F4xx_HAL_Driver/Src/stm32f4xx_hal_i2c.o
 .text.I2C_RequestMemoryRead
                0x0000000008002e60      0x1d0 ./Drivers/STM32F4xx_HAL_Driver/Src/stm32f4xx_hal_i2c.o
 .text.I2C_WaitOnFlagUntilTimeout
                0x0000000008003030       0xae ./Drivers/STM32F4xx_HAL_Driver/Src/stm32f4xx_hal_i2c.o
 .text.I2C_WaitOnMasterAddressFlagUntilTimeout
                0x00000000080030de       0xfe ./Drivers/STM32F4xx_HAL_Driver/Src/stm32f4xx_hal_i2c.o
 .text.I2C_WaitOnTXEFlagUntilTimeout
                0x00000000080031dc       0x82 ./Drivers/STM32F4xx_HAL_Driver/Src/stm32f4xx_hal_i2c.o
 .text.I2C_WaitOnBTFFlagUntilTimeout
                0x000000000800325e       0x82 ./Drivers/STM32F4xx_HAL_Driver/Src/stm32f4xx_hal_i2c.o
 .text.I2C_WaitOnRXNEFlagUntilTimeout
                0x00000000080032e0       0xac ./Drivers/STM32F4xx_HAL_Driver/Src/stm32f4xx_hal_i2c.o
 .text.I2C_IsAcknowledgeFailed
                0x000000000800338c       0x5e ./Drivers/STM32F4xx_HAL_Driver/Src/stm32f4xx_hal_i2c.o
 *fill*         0x00000000080033ea        0x2 
 .text.HAL_RCC_OscConfig
                0x00000000080033ec      0x4f0 ./Drivers/STM32F4xx_HAL_Driver/Src/stm32f4xx_hal_rcc.o
                0x00000000080033ec                HAL_RCC_OscConfig
 .text.HAL_RCC_ClockConfig
                0x00000000080038dc      0x1cc ./Drivers/STM32F4xx_HAL_Driver/Src/stm32f4xx_hal_rcc.o
                0x00000000080038dc                HAL_RCC_ClockConfig
 .text.HAL_RCC_GetSysClockFreq
                0x0000000008003aa8      0x20c ./Drivers/STM32F4xx_HAL_Driver/Src/stm32f4xx_hal_rcc.o
                0x0000000008003aa8                HAL_RCC_GetSysClockFreq
 .text.HAL_RCC_GetHCLKFreq
                0x0000000008003cb4       0x18 ./Drivers/STM32F4xx_HAL_Driver/Src/stm32f4xx_hal_rcc.o
                0x0000000008003cb4                HAL_RCC_GetHCLKFreq
 .text.HAL_RCC_GetPCLK1Freq
                0x0000000008003ccc       0x28 ./Drivers/STM32F4xx_HAL_Driver/Src/stm32f4xx_hal_rcc.o
                0x0000000008003ccc                HAL_RCC_GetPCLK1Freq
 .text.HAL_SPI_Init
                0x0000000008003cf4      0x112 ./Drivers/STM32F4xx_HAL_Driver/Src/stm32f4xx_hal_spi.o
                0x0000000008003cf4                HAL_SPI_Init
 .text.HAL_SPI_Transmit
                0x0000000008003e06      0x278 ./Drivers/STM32F4xx_HAL_Driver/Src/stm32f4xx_hal_spi.o
                0x0000000008003e06                HAL_SPI_Transmit
 .text.HAL_SPI_Receive
                0x000000000800407e      0x222 ./Drivers/STM32F4xx_HAL_Driver/Src/stm32f4xx_hal_spi.o
                0x000000000800407e                HAL_SPI_Receive
 .text.HAL_SPI_TransmitReceive
                0x00000000080042a0      0x344 ./Drivers/STM32F4xx_HAL_Driver/Src/stm32f4xx_hal_spi.o
                0x00000000080042a0                HAL_SPI_TransmitReceive
 .text.SPI_WaitFlagStateUntilTimeout
                0x00000000080045e4      0x110 ./Drivers/STM32F4xx_HAL_Driver/Src/stm32f4xx_hal_spi.o
 .text.SPI_EndRxTransaction
                0x00000000080046f4       0xca ./Drivers/STM32F4xx_HAL_Driver/Src/stm32f4xx_hal_spi.o
 *fill*         0x00000000080047be        0x2 
 .text.SPI_EndRxTxTransaction
                0x00000000080047c0       0x84 ./Drivers/STM32F4xx_HAL_Driver/Src/stm32f4xx_hal_spi.o
 .text.HAL_SRAM_Init
                0x0000000008004844       0x88 ./Drivers/STM32F4xx_HAL_Driver/Src/stm32f4xx_hal_sram.o
                0x0000000008004844                HAL_SRAM_Init
 .text.HAL_TIM_Base_Init
                0x00000000080048cc       0x9e ./Drivers/STM32F4xx_HAL_Driver/Src/stm32f4xx_hal_tim.o
                0x00000000080048cc                HAL_TIM_Base_Init
 *fill*         0x000000000800496a        0x2 
 .text.HAL_TIM_Base_Start_IT
                0x000000000800496c       0xe0 ./Drivers/STM32F4xx_HAL_Driver/Src/stm32f4xx_hal_tim.o
                0x000000000800496c                HAL_TIM_Base_Start_IT
 .text.HAL_TIM_IRQHandler
                0x0000000008004a4c      0x210 ./Drivers/STM32F4xx_HAL_Driver/Src/stm32f4xx_hal_tim.o
                0x0000000008004a4c                HAL_TIM_IRQHandler
 .text.HAL_TIM_ConfigClockSource
                0x0000000008004c5c      0x18e ./Drivers/STM32F4xx_HAL_Driver/Src/stm32f4xx_hal_tim.o
                0x0000000008004c5c                HAL_TIM_ConfigClockSource
 .text.HAL_TIM_OC_DelayElapsedCallback
                0x0000000008004dea       0x14 ./Drivers/STM32F4xx_HAL_Driver/Src/stm32f4xx_hal_tim.o
                0x0000000008004dea                HAL_TIM_OC_DelayElapsedCallback
 .text.HAL_TIM_IC_CaptureCallback
                0x0000000008004dfe       0x14 ./Drivers/STM32F4xx_HAL_Driver/Src/stm32f4xx_hal_tim.o
                0x0000000008004dfe                HAL_TIM_IC_CaptureCallback
 .text.HAL_TIM_PWM_PulseFinishedCallback
                0x0000000008004e12       0x14 ./Drivers/STM32F4xx_HAL_Driver/Src/stm32f4xx_hal_tim.o
                0x0000000008004e12                HAL_TIM_PWM_PulseFinishedCallback
 .text.HAL_TIM_TriggerCallback
                0x0000000008004e26       0x14 ./Drivers/STM32F4xx_HAL_Driver/Src/stm32f4xx_hal_tim.o
                0x0000000008004e26                HAL_TIM_TriggerCallback
 *fill*         0x0000000008004e3a        0x2 
 .text.TIM_Base_SetConfig
                0x0000000008004e3c      0x140 ./Drivers/STM32F4xx_HAL_Driver/Src/stm32f4xx_hal_tim.o
                0x0000000008004e3c                TIM_Base_SetConfig
 .text.TIM_TI1_ConfigInputStage
                0x0000000008004f7c       0x5e ./Drivers/STM32F4xx_HAL_Driver/Src/stm32f4xx_hal_tim.o
 .text.TIM_TI2_ConfigInputStage
                0x0000000008004fda       0x60 ./Drivers/STM32F4xx_HAL_Driver/Src/stm32f4xx_hal_tim.o
 .text.TIM_ITRx_SetConfig
                0x000000000800503a       0x36 ./Drivers/STM32F4xx_HAL_Driver/Src/stm32f4xx_hal_tim.o
 .text.TIM_ETR_SetConfig
                0x0000000008005070       0x40 ./Drivers/STM32F4xx_HAL_Driver/Src/stm32f4xx_hal_tim.o
                0x0000000008005070                TIM_ETR_SetConfig
 .text.HAL_TIMEx_MasterConfigSynchronization
                0x00000000080050b0       0xf8 ./Drivers/STM32F4xx_HAL_Driver/Src/stm32f4xx_hal_tim_ex.o
                0x00000000080050b0                HAL_TIMEx_MasterConfigSynchronization
 .text.HAL_TIMEx_CommutCallback
                0x00000000080051a8       0x14 ./Drivers/STM32F4xx_HAL_Driver/Src/stm32f4xx_hal_tim_ex.o
                0x00000000080051a8                HAL_TIMEx_CommutCallback
 .text.HAL_TIMEx_BreakCallback
                0x00000000080051bc       0x14 ./Drivers/STM32F4xx_HAL_Driver/Src/stm32f4xx_hal_tim_ex.o
                0x00000000080051bc                HAL_TIMEx_BreakCallback
 .text.FSMC_NORSRAM_Init
                0x00000000080051d0       0xa4 ./Drivers/STM32F4xx_HAL_Driver/Src/stm32f4xx_ll_fsmc.o
                0x00000000080051d0                FSMC_NORSRAM_Init
 .text.FSMC_NORSRAM_Timing_Init
                0x0000000008005274       0x7a ./Drivers/STM32F4xx_HAL_Driver/Src/stm32f4xx_ll_fsmc.o
                0x0000000008005274                FSMC_NORSRAM_Timing_Init
 *fill*         0x00000000080052ee        0x2 
 .text.FSMC_NORSRAM_Extended_Timing_Init
                0x00000000080052f0       0x80 ./Drivers/STM32F4xx_HAL_Driver/Src/stm32f4xx_ll_fsmc.o
                0x00000000080052f0                FSMC_NORSRAM_Extended_Timing_Init
 .text.__libc_init_array
                0x0000000008005370       0x48 c:/st/stm32cubeide_1.10.1/stm32cubeide/plugins/com.st.stm32cube.ide.mcu.externaltools.gnu-tools-for-stm32.10.3-2021.10.win32_1.0.0.202111181127/tools/bin/../lib/gcc/arm-none-eabi/10.3.1/../../../../arm-none-eabi/lib/thumb/v7e-m+fp/hard\libc_nano.a(lib_a-init.o)
                0x0000000008005370                __libc_init_array
 .text.memset   0x00000000080053b8       0x10 c:/st/stm32cubeide_1.10.1/stm32cubeide/plugins/com.st.stm32cube.ide.mcu.externaltools.gnu-tools-for-stm32.10.3-2021.10.win32_1.0.0.202111181127/tools/bin/../lib/gcc/arm-none-eabi/10.3.1/../../../../arm-none-eabi/lib/thumb/v7e-m+fp/hard\libc_nano.a(lib_a-memset.o)
                0x00000000080053b8                memset
 *(.glue_7)
 .glue_7        0x00000000080053c8        0x0 linker stubs
 *(.glue_7t)
 .glue_7t       0x00000000080053c8        0x0 linker stubs
 *(.eh_frame)
 .eh_frame      0x00000000080053c8        0x0 c:/st/stm32cubeide_1.10.1/stm32cubeide/plugins/com.st.stm32cube.ide.mcu.externaltools.gnu-tools-for-stm32.10.3-2021.10.win32_1.0.0.202111181127/tools/bin/../lib/gcc/arm-none-eabi/10.3.1/thumb/v7e-m+fp/hard/crtbegin.o
 *(.init)
 .init          0x00000000080053c8        0x4 c:/st/stm32cubeide_1.10.1/stm32cubeide/plugins/com.st.stm32cube.ide.mcu.externaltools.gnu-tools-for-stm32.10.3-2021.10.win32_1.0.0.202111181127/tools/bin/../lib/gcc/arm-none-eabi/10.3.1/thumb/v7e-m+fp/hard/crti.o
                0x00000000080053c8                _init
 .init          0x00000000080053cc        0x8 c:/st/stm32cubeide_1.10.1/stm32cubeide/plugins/com.st.stm32cube.ide.mcu.externaltools.gnu-tools-for-stm32.10.3-2021.10.win32_1.0.0.202111181127/tools/bin/../lib/gcc/arm-none-eabi/10.3.1/thumb/v7e-m+fp/hard/crtn.o
 *(.fini)
 .fini          0x00000000080053d4        0x4 c:/st/stm32cubeide_1.10.1/stm32cubeide/plugins/com.st.stm32cube.ide.mcu.externaltools.gnu-tools-for-stm32.10.3-2021.10.win32_1.0.0.202111181127/tools/bin/../lib/gcc/arm-none-eabi/10.3.1/thumb/v7e-m+fp/hard/crti.o
                0x00000000080053d4                _fini
 .fini          0x00000000080053d8        0x8 c:/st/stm32cubeide_1.10.1/stm32cubeide/plugins/com.st.stm32cube.ide.mcu.externaltools.gnu-tools-for-stm32.10.3-2021.10.win32_1.0.0.202111181127/tools/bin/../lib/gcc/arm-none-eabi/10.3.1/thumb/v7e-m+fp/hard/crtn.o
                0x00000000080053e0                . = ALIGN (0x4)
                0x00000000080053e0                _etext = .

.vfp11_veneer   0x00000000080053e0        0x0
 .vfp11_veneer  0x00000000080053e0        0x0 linker stubs

.v4_bx          0x00000000080053e0        0x0
 .v4_bx         0x00000000080053e0        0x0 linker stubs

.iplt           0x00000000080053e0        0x0
 .iplt          0x00000000080053e0        0x0 c:/st/stm32cubeide_1.10.1/stm32cubeide/plugins/com.st.stm32cube.ide.mcu.externaltools.gnu-tools-for-stm32.10.3-2021.10.win32_1.0.0.202111181127/tools/bin/../lib/gcc/arm-none-eabi/10.3.1/thumb/v7e-m+fp/hard/crtbegin.o

.rodata         0x00000000080053e0     0x2f98
                0x00000000080053e0                . = ALIGN (0x4)
 *(.rodata)
 *(.rodata*)
 .rodata.ascii_1608
                0x00000000080053e0      0x5f0 ./Core/Src/lcd.o
                0x00000000080053e0                ascii_1608
 .rodata.ascii_2412
                0x00000000080059d0     0x11d0 ./Core/Src/lcd.o
                0x00000000080059d0                ascii_2412
 .rodata.ascii_3216
                0x0000000008006ba0     0x17c0 ./Core/Src/lcd.o
                0x0000000008006ba0                ascii_3216
 .rodata.AHBPrescTable
                0x0000000008008360       0x10 ./Core/Src/system_stm32f4xx.o
                0x0000000008008360                AHBPrescTable
 .rodata.APBPrescTable
                0x0000000008008370        0x8 ./Core/Src/system_stm32f4xx.o
                0x0000000008008370                APBPrescTable
                0x0000000008008378                . = ALIGN (0x4)

.ARM.extab      0x0000000008008378        0x0
                0x0000000008008378                . = ALIGN (0x4)
 *(.ARM.extab* .gnu.linkonce.armextab.*)
                0x0000000008008378                . = ALIGN (0x4)

.ARM            0x0000000008008378        0x8
                0x0000000008008378                . = ALIGN (0x4)
                0x0000000008008378                __exidx_start = .
 *(.ARM.exidx*)
 .ARM.exidx     0x0000000008008378        0x8 c:/st/stm32cubeide_1.10.1/stm32cubeide/plugins/com.st.stm32cube.ide.mcu.externaltools.gnu-tools-for-stm32.10.3-2021.10.win32_1.0.0.202111181127/tools/bin/../lib/gcc/arm-none-eabi/10.3.1/thumb/v7e-m+fp/hard\libgcc.a(_udivmoddi4.o)
                0x0000000008008380                __exidx_end = .
                0x0000000008008380                . = ALIGN (0x4)

.rel.dyn        0x0000000008008380        0x0
 .rel.iplt      0x0000000008008380        0x0 c:/st/stm32cubeide_1.10.1/stm32cubeide/plugins/com.st.stm32cube.ide.mcu.externaltools.gnu-tools-for-stm32.10.3-2021.10.win32_1.0.0.202111181127/tools/bin/../lib/gcc/arm-none-eabi/10.3.1/thumb/v7e-m+fp/hard/crtbegin.o

.preinit_array  0x0000000008008380        0x0
                0x0000000008008380                . = ALIGN (0x4)
                0x0000000008008380                PROVIDE (__preinit_array_start = .)
 *(.preinit_array*)
                0x0000000008008380                PROVIDE (__preinit_array_end = .)
                0x0000000008008380                . = ALIGN (0x4)

.init_array     0x0000000008008380        0x4
                0x0000000008008380                . = ALIGN (0x4)
                0x0000000008008380                PROVIDE (__init_array_start = .)
 *(SORT_BY_NAME(.init_array.*))
 *(.init_array*)
 .init_array    0x0000000008008380        0x4 c:/st/stm32cubeide_1.10.1/stm32cubeide/plugins/com.st.stm32cube.ide.mcu.externaltools.gnu-tools-for-stm32.10.3-2021.10.win32_1.0.0.202111181127/tools/bin/../lib/gcc/arm-none-eabi/10.3.1/thumb/v7e-m+fp/hard/crtbegin.o
                0x0000000008008384                PROVIDE (__init_array_end = .)
                0x0000000008008384                . = ALIGN (0x4)

.fini_array     0x0000000008008384        0x4
                0x0000000008008384                . = ALIGN (0x4)
                [!provide]                        PROVIDE (__fini_array_start = .)
 *(SORT_BY_NAME(.fini_array.*))
 *(.fini_array*)
 .fini_array    0x0000000008008384        0x4 c:/st/stm32cubeide_1.10.1/stm32cubeide/plugins/com.st.stm32cube.ide.mcu.externaltools.gnu-tools-for-stm32.10.3-2021.10.win32_1.0.0.202111181127/tools/bin/../lib/gcc/arm-none-eabi/10.3.1/thumb/v7e-m+fp/hard/crtbegin.o
                [!provide]                        PROVIDE (__fini_array_end = .)
                0x0000000008008388                . = ALIGN (0x4)
                0x0000000008008388                _sidata = LOADADDR (.data)

.data           0x0000000020000000       0x14 load address 0x0000000008008388
                0x0000000020000000                . = ALIGN (0x4)
                0x0000000020000000                _sdata = .
 *(.data)
 *(.data*)
 .data.led7seg  0x0000000020000000        0x4 ./Core/Src/led_7seg.o
                0x0000000020000000                led7seg
 .data.spi_buffer
                0x0000000020000004        0x2 ./Core/Src/led_7seg.o
                0x0000000020000004                spi_buffer
 *fill*         0x0000000020000006        0x2 
 .data.SystemCoreClock
                0x0000000020000008        0x4 ./Core/Src/system_stm32f4xx.o
                0x0000000020000008                SystemCoreClock
 .data.uwTickPrio
                0x000000002000000c        0x4 ./Drivers/STM32F4xx_HAL_Driver/Src/stm32f4xx_hal.o
                0x000000002000000c                uwTickPrio
 .data.uwTickFreq
                0x0000000020000010        0x1 ./Drivers/STM32F4xx_HAL_Driver/Src/stm32f4xx_hal.o
                0x0000000020000010                uwTickFreq
 *(.RamFunc)
 *(.RamFunc*)
                0x0000000020000014                . = ALIGN (0x4)
 *fill*         0x0000000020000011        0x3 
                0x0000000020000014                _edata = .
                0x000000000800839c                _siccmram = LOADADDR (.ccmram)

.igot.plt       0x0000000020000014        0x0 load address 0x000000000800839c
 .igot.plt      0x0000000020000014        0x0 c:/st/stm32cubeide_1.10.1/stm32cubeide/plugins/com.st.stm32cube.ide.mcu.externaltools.gnu-tools-for-stm32.10.3-2021.10.win32_1.0.0.202111181127/tools/bin/../lib/gcc/arm-none-eabi/10.3.1/thumb/v7e-m+fp/hard/crtbegin.o

.ccmram         0x0000000010000000        0x0 load address 0x000000000800839c
                0x0000000010000000                . = ALIGN (0x4)
                0x0000000010000000                _sccmram = .
 *(.ccmram)
 *(.ccmram*)
                0x0000000010000000                . = ALIGN (0x4)
                0x0000000010000000                _eccmram = .
                0x0000000010000000                . = ALIGN (0x4)

.bss            0x0000000020000014      0x1b0
                0x0000000020000014                _sbss = .
                0x0000000020000014                __bss_start__ = _sbss
 *(.bss)
 .bss           0x0000000020000014       0x1c c:/st/stm32cubeide_1.10.1/stm32cubeide/plugins/com.st.stm32cube.ide.mcu.externaltools.gnu-tools-for-stm32.10.3-2021.10.win32_1.0.0.202111181127/tools/bin/../lib/gcc/arm-none-eabi/10.3.1/thumb/v7e-m+fp/hard/crtbegin.o
 *(.bss*)
 .bss.button_count
                0x0000000020000030       0x20 ./Core/Src/button.o
                0x0000000020000030                button_count
 .bss.spi_button
                0x0000000020000050        0x2 ./Core/Src/button.o
                0x0000000020000050                spi_button
 *fill*         0x0000000020000052        0x2 
 .bss.ds3231_buffer
                0x0000000020000054        0x7 ./Core/Src/ds3231.o
                0x0000000020000054                ds3231_buffer
 .bss.ds3231_hours
                0x000000002000005b        0x1 ./Core/Src/ds3231.o
                0x000000002000005b                ds3231_hours
 .bss.ds3231_min
                0x000000002000005c        0x1 ./Core/Src/ds3231.o
                0x000000002000005c                ds3231_min
 .bss.ds3231_sec
                0x000000002000005d        0x1 ./Core/Src/ds3231.o
                0x000000002000005d                ds3231_sec
 .bss.ds3231_date
                0x000000002000005e        0x1 ./Core/Src/ds3231.o
                0x000000002000005e                ds3231_date
 .bss.ds3231_day
                0x000000002000005f        0x1 ./Core/Src/ds3231.o
                0x000000002000005f                ds3231_day
 .bss.ds3231_month
                0x0000000020000060        0x1 ./Core/Src/ds3231.o
                0x0000000020000060                ds3231_month
 .bss.ds3231_year
                0x0000000020000061        0x1 ./Core/Src/ds3231.o
                0x0000000020000061                ds3231_year
 *fill*         0x0000000020000062        0x2 
 .bss.hsram1    0x0000000020000064       0x50 ./Core/Src/fsmc.o
                0x0000000020000064                hsram1
 .bss.FSMC_Initialized
                0x00000000200000b4        0x4 ./Core/Src/fsmc.o
 .bss.hi2c1     0x00000000200000b8       0x54 ./Core/Src/i2c.o
                0x00000000200000b8                hi2c1
 .bss.lcddev    0x000000002000010c        0x6 ./Core/Src/lcd.o
                0x000000002000010c                lcddev
 *fill*         0x0000000020000112        0x2 
 .bss.led7_index
                0x0000000020000114        0x4 ./Core/Src/led_7seg.o
                0x0000000020000114                led7_index
 .bss.flag_timer2
                0x0000000020000118        0x2 ./Core/Src/software_timer.o
                0x0000000020000118                flag_timer2
 .bss.timer2_counter
                0x000000002000011a        0x2 ./Core/Src/software_timer.o
                0x000000002000011a                timer2_counter
 .bss.timer2_MUL
                0x000000002000011c        0x2 ./Core/Src/software_timer.o
                0x000000002000011c                timer2_MUL
 *fill*         0x000000002000011e        0x2 
 .bss.hspi1     0x0000000020000120       0x58 ./Core/Src/spi.o
                0x0000000020000120                hspi1
 .bss.htim2     0x0000000020000178       0x48 ./Core/Src/tim.o
                0x0000000020000178                htim2
 .bss.uwTick    0x00000000200001c0        0x4 ./Drivers/STM32F4xx_HAL_Driver/Src/stm32f4xx_hal.o
                0x00000000200001c0                uwTick
 *(COMMON)
                0x00000000200001c4                . = ALIGN (0x4)
                0x00000000200001c4                _ebss = .
                0x00000000200001c4                __bss_end__ = _ebss

._user_heap_stack
                0x00000000200001c4      0x604
                0x00000000200001c8                . = ALIGN (0x8)
 *fill*         0x00000000200001c4        0x4 
                [!provide]                        PROVIDE (end = .)
                0x00000000200001c8                PROVIDE (_end = .)
                0x00000000200003c8                . = (. + _Min_Heap_Size)
 *fill*         0x00000000200001c8      0x200 
                0x00000000200007c8                . = (. + _Min_Stack_Size)
 *fill*         0x00000000200003c8      0x400 
                0x00000000200007c8                . = ALIGN (0x8)

/DISCARD/
 libc.a(*)
 libm.a(*)
 libgcc.a(*)

.ARM.attributes
                0x0000000000000000       0x30
 *(.ARM.attributes)
 .ARM.attributes
                0x0000000000000000       0x1e c:/st/stm32cubeide_1.10.1/stm32cubeide/plugins/com.st.stm32cube.ide.mcu.externaltools.gnu-tools-for-stm32.10.3-2021.10.win32_1.0.0.202111181127/tools/bin/../lib/gcc/arm-none-eabi/10.3.1/thumb/v7e-m+fp/hard/crti.o
 .ARM.attributes
                0x000000000000001e       0x34 c:/st/stm32cubeide_1.10.1/stm32cubeide/plugins/com.st.stm32cube.ide.mcu.externaltools.gnu-tools-for-stm32.10.3-2021.10.win32_1.0.0.202111181127/tools/bin/../lib/gcc/arm-none-eabi/10.3.1/thumb/v7e-m+fp/hard/crtbegin.o
 .ARM.attributes
                0x0000000000000052       0x34 ./Core/Src/button.o
 .ARM.attributes
                0x0000000000000086       0x34 ./Core/Src/ds3231.o
 .ARM.attributes
                0x00000000000000ba       0x34 ./Core/Src/fsmc.o
 .ARM.attributes
                0x00000000000000ee       0x34 ./Core/Src/gpio.o
 .ARM.attributes
                0x0000000000000122       0x34 ./Core/Src/i2c.o
 .ARM.attributes
                0x0000000000000156       0x34 ./Core/Src/lcd.o
 .ARM.attributes
                0x000000000000018a       0x34 ./Core/Src/led_7seg.o
 .ARM.attributes
                0x00000000000001be       0x34 ./Core/Src/main.o
 .ARM.attributes
                0x00000000000001f2       0x34 ./Core/Src/software_timer.o
 .ARM.attributes
                0x0000000000000226       0x34 ./Core/Src/spi.o
 .ARM.attributes
                0x000000000000025a       0x34 ./Core/Src/stm32f4xx_hal_msp.o
 .ARM.attributes
                0x000000000000028e       0x34 ./Core/Src/stm32f4xx_it.o
 .ARM.attributes
                0x00000000000002c2       0x34 ./Core/Src/system_stm32f4xx.o
 .ARM.attributes
                0x00000000000002f6       0x34 ./Core/Src/tim.o
 .ARM.attributes
                0x000000000000032a       0x34 ./Core/Src/utils.o
 .ARM.attributes
                0x000000000000035e       0x21 ./Core/Startup/startup_stm32f407zetx.o
 .ARM.attributes
                0x000000000000037f       0x34 ./Drivers/STM32F4xx_HAL_Driver/Src/stm32f4xx_hal.o
 .ARM.attributes
                0x00000000000003b3       0x34 ./Drivers/STM32F4xx_HAL_Driver/Src/stm32f4xx_hal_cortex.o
 .ARM.attributes
                0x00000000000003e7       0x34 ./Drivers/STM32F4xx_HAL_Driver/Src/stm32f4xx_hal_gpio.o
 .ARM.attributes
                0x000000000000041b       0x34 ./Drivers/STM32F4xx_HAL_Driver/Src/stm32f4xx_hal_i2c.o
 .ARM.attributes
                0x000000000000044f       0x34 ./Drivers/STM32F4xx_HAL_Driver/Src/stm32f4xx_hal_rcc.o
 .ARM.attributes
                0x0000000000000483       0x34 ./Drivers/STM32F4xx_HAL_Driver/Src/stm32f4xx_hal_spi.o
 .ARM.attributes
                0x00000000000004b7       0x34 ./Drivers/STM32F4xx_HAL_Driver/Src/stm32f4xx_hal_sram.o
 .ARM.attributes
                0x00000000000004eb       0x34 ./Drivers/STM32F4xx_HAL_Driver/Src/stm32f4xx_hal_tim.o
 .ARM.attributes
                0x000000000000051f       0x34 ./Drivers/STM32F4xx_HAL_Driver/Src/stm32f4xx_hal_tim_ex.o
 .ARM.attributes
                0x0000000000000553       0x34 ./Drivers/STM32F4xx_HAL_Driver/Src/stm32f4xx_ll_fsmc.o
 .ARM.attributes
                0x0000000000000587       0x34 c:/st/stm32cubeide_1.10.1/stm32cubeide/plugins/com.st.stm32cube.ide.mcu.externaltools.gnu-tools-for-stm32.10.3-2021.10.win32_1.0.0.202111181127/tools/bin/../lib/gcc/arm-none-eabi/10.3.1/../../../../arm-none-eabi/lib/thumb/v7e-m+fp/hard\libc_nano.a(lib_a-init.o)
 .ARM.attributes
                0x00000000000005bb       0x34 c:/st/stm32cubeide_1.10.1/stm32cubeide/plugins/com.st.stm32cube.ide.mcu.externaltools.gnu-tools-for-stm32.10.3-2021.10.win32_1.0.0.202111181127/tools/bin/../lib/gcc/arm-none-eabi/10.3.1/../../../../arm-none-eabi/lib/thumb/v7e-m+fp/hard\libc_nano.a(lib_a-memset.o)
 .ARM.attributes
                0x00000000000005ef       0x1e c:/st/stm32cubeide_1.10.1/stm32cubeide/plugins/com.st.stm32cube.ide.mcu.externaltools.gnu-tools-for-stm32.10.3-2021.10.win32_1.0.0.202111181127/tools/bin/../lib/gcc/arm-none-eabi/10.3.1/thumb/v7e-m+fp/hard\libgcc.a(_aeabi_uldivmod.o)
 .ARM.attributes
                0x000000000000060d       0x34 c:/st/stm32cubeide_1.10.1/stm32cubeide/plugins/com.st.stm32cube.ide.mcu.externaltools.gnu-tools-for-stm32.10.3-2021.10.win32_1.0.0.202111181127/tools/bin/../lib/gcc/arm-none-eabi/10.3.1/thumb/v7e-m+fp/hard\libgcc.a(_udivmoddi4.o)
 .ARM.attributes
                0x0000000000000641       0x1e c:/st/stm32cubeide_1.10.1/stm32cubeide/plugins/com.st.stm32cube.ide.mcu.externaltools.gnu-tools-for-stm32.10.3-2021.10.win32_1.0.0.202111181127/tools/bin/../lib/gcc/arm-none-eabi/10.3.1/thumb/v7e-m+fp/hard\libgcc.a(_dvmd_tls.o)
 .ARM.attributes
                0x000000000000065f       0x1e c:/st/stm32cubeide_1.10.1/stm32cubeide/plugins/com.st.stm32cube.ide.mcu.externaltools.gnu-tools-for-stm32.10.3-2021.10.win32_1.0.0.202111181127/tools/bin/../lib/gcc/arm-none-eabi/10.3.1/thumb/v7e-m+fp/hard/crtn.o
OUTPUT(Bai4_I2C_Realtimeclock.elf elf32-littlearm)
LOAD linker stubs
LOAD c:/st/stm32cubeide_1.10.1/stm32cubeide/plugins/com.st.stm32cube.ide.mcu.externaltools.gnu-tools-for-stm32.10.3-2021.10.win32_1.0.0.202111181127/tools/bin/../lib/gcc/arm-none-eabi/10.3.1/../../../../arm-none-eabi/lib/thumb/v7e-m+fp/hard\libc.a
LOAD c:/st/stm32cubeide_1.10.1/stm32cubeide/plugins/com.st.stm32cube.ide.mcu.externaltools.gnu-tools-for-stm32.10.3-2021.10.win32_1.0.0.202111181127/tools/bin/../lib/gcc/arm-none-eabi/10.3.1/../../../../arm-none-eabi/lib/thumb/v7e-m+fp/hard\libm.a
LOAD c:/st/stm32cubeide_1.10.1/stm32cubeide/plugins/com.st.stm32cube.ide.mcu.externaltools.gnu-tools-for-stm32.10.3-2021.10.win32_1.0.0.202111181127/tools/bin/../lib/gcc/arm-none-eabi/10.3.1/thumb/v7e-m+fp/hard\libgcc.a

.debug_info     0x0000000000000000    0x1343e
 .debug_info    0x0000000000000000      0x7c8 ./Core/Src/button.o
 .debug_info    0x00000000000007c8      0x833 ./Core/Src/ds3231.o
 .debug_info    0x0000000000000ffb      0xa36 ./Core/Src/fsmc.o
 .debug_info    0x0000000000001a31      0x4c8 ./Core/Src/gpio.o
 .debug_info    0x0000000000001ef9      0xa0e ./Core/Src/i2c.o
 .debug_info    0x0000000000002907      0xedf ./Core/Src/lcd.o
 .debug_info    0x00000000000037e6      0x870 ./Core/Src/led_7seg.o
 .debug_info    0x0000000000004056      0x87f ./Core/Src/main.o
 .debug_info    0x00000000000048d5      0x78e ./Core/Src/software_timer.o
 .debug_info    0x0000000000005063      0x9eb ./Core/Src/spi.o
 .debug_info    0x0000000000005a4e      0x2a8 ./Core/Src/stm32f4xx_hal_msp.o
 .debug_info    0x0000000000005cf6      0x736 ./Core/Src/stm32f4xx_it.o
 .debug_info    0x000000000000642c      0x523 ./Core/Src/system_stm32f4xx.o
 .debug_info    0x000000000000694f      0xc5a ./Core/Src/tim.o
 .debug_info    0x00000000000075a9       0xd8 ./Core/Src/utils.o
 .debug_info    0x0000000000007681       0x22 ./Core/Startup/startup_stm32f407zetx.o
 .debug_info    0x00000000000076a3      0x97c ./Drivers/STM32F4xx_HAL_Driver/Src/stm32f4xx_hal.o
 .debug_info    0x000000000000801f      0xe1b ./Drivers/STM32F4xx_HAL_Driver/Src/stm32f4xx_hal_cortex.o
 .debug_info    0x0000000000008e3a      0x76a ./Drivers/STM32F4xx_HAL_Driver/Src/stm32f4xx_hal_gpio.o
 .debug_info    0x00000000000095a4     0x2609 ./Drivers/STM32F4xx_HAL_Driver/Src/stm32f4xx_hal_i2c.o
 .debug_info    0x000000000000bbad      0x966 ./Drivers/STM32F4xx_HAL_Driver/Src/stm32f4xx_hal_rcc.o
 .debug_info    0x000000000000c513     0x1758 ./Drivers/STM32F4xx_HAL_Driver/Src/stm32f4xx_hal_spi.o
 .debug_info    0x000000000000dc6b      0xbbb ./Drivers/STM32F4xx_HAL_Driver/Src/stm32f4xx_hal_sram.o
 .debug_info    0x000000000000e826     0x2bbf ./Drivers/STM32F4xx_HAL_Driver/Src/stm32f4xx_hal_tim.o
 .debug_info    0x00000000000113e5     0x15e0 ./Drivers/STM32F4xx_HAL_Driver/Src/stm32f4xx_hal_tim_ex.o
 .debug_info    0x00000000000129c5      0xa79 ./Drivers/STM32F4xx_HAL_Driver/Src/stm32f4xx_ll_fsmc.o

.debug_abbrev   0x0000000000000000     0x30b1
 .debug_abbrev  0x0000000000000000      0x1d1 ./Core/Src/button.o
 .debug_abbrev  0x00000000000001d1      0x1bb ./Core/Src/ds3231.o
 .debug_abbrev  0x000000000000038c      0x207 ./Core/Src/fsmc.o
 .debug_abbrev  0x0000000000000593      0x146 ./Core/Src/gpio.o
 .debug_abbrev  0x00000000000006d9      0x1e0 ./Core/Src/i2c.o
 .debug_abbrev  0x00000000000008b9      0x31c ./Core/Src/lcd.o
 .debug_abbrev  0x0000000000000bd5      0x1bb ./Core/Src/led_7seg.o
 .debug_abbrev  0x0000000000000d90      0x27c ./Core/Src/main.o
 .debug_abbrev  0x000000000000100c      0x1f6 ./Core/Src/software_timer.o
 .debug_abbrev  0x0000000000001202      0x1e0 ./Core/Src/spi.o
 .debug_abbrev  0x00000000000013e2       0xd4 ./Core/Src/stm32f4xx_hal_msp.o
 .debug_abbrev  0x00000000000014b6      0x184 ./Core/Src/stm32f4xx_it.o
 .debug_abbrev  0x000000000000163a      0x116 ./Core/Src/system_stm32f4xx.o
 .debug_abbrev  0x0000000000001750      0x1e0 ./Core/Src/tim.o
 .debug_abbrev  0x0000000000001930       0x87 ./Core/Src/utils.o
 .debug_abbrev  0x00000000000019b7       0x12 ./Core/Startup/startup_stm32f407zetx.o
 .debug_abbrev  0x00000000000019c9      0x20d ./Drivers/STM32F4xx_HAL_Driver/Src/stm32f4xx_hal.o
 .debug_abbrev  0x0000000000001bd6      0x316 ./Drivers/STM32F4xx_HAL_Driver/Src/stm32f4xx_hal_cortex.o
 .debug_abbrev  0x0000000000001eec      0x1c4 ./Drivers/STM32F4xx_HAL_Driver/Src/stm32f4xx_hal_gpio.o
 .debug_abbrev  0x00000000000020b0      0x297 ./Drivers/STM32F4xx_HAL_Driver/Src/stm32f4xx_hal_i2c.o
 .debug_abbrev  0x0000000000002347      0x2aa ./Drivers/STM32F4xx_HAL_Driver/Src/stm32f4xx_hal_rcc.o
 .debug_abbrev  0x00000000000025f1      0x26e ./Drivers/STM32F4xx_HAL_Driver/Src/stm32f4xx_hal_spi.o
 .debug_abbrev  0x000000000000285f      0x1fa ./Drivers/STM32F4xx_HAL_Driver/Src/stm32f4xx_hal_sram.o
 .debug_abbrev  0x0000000000002a59      0x25d ./Drivers/STM32F4xx_HAL_Driver/Src/stm32f4xx_hal_tim.o
 .debug_abbrev  0x0000000000002cb6      0x265 ./Drivers/STM32F4xx_HAL_Driver/Src/stm32f4xx_hal_tim_ex.o
 .debug_abbrev  0x0000000000002f1b      0x196 ./Drivers/STM32F4xx_HAL_Driver/Src/stm32f4xx_ll_fsmc.o

.debug_aranges  0x0000000000000000     0x11f0
 .debug_aranges
                0x0000000000000000       0x28 ./Core/Src/button.o
 .debug_aranges
                0x0000000000000028       0x30 ./Core/Src/ds3231.o
 .debug_aranges
                0x0000000000000058       0x40 ./Core/Src/fsmc.o
 .debug_aranges
                0x0000000000000098       0x20 ./Core/Src/gpio.o
 .debug_aranges
                0x00000000000000b8       0x30 ./Core/Src/i2c.o
 .debug_aranges
                0x00000000000000e8       0xe8 ./Core/Src/lcd.o
 .debug_aranges
                0x00000000000001d0       0x48 ./Core/Src/led_7seg.o
 .debug_aranges
                0x0000000000000218       0x70 ./Core/Src/main.o
 .debug_aranges
                0x0000000000000288       0x30 ./Core/Src/software_timer.o
 .debug_aranges
                0x00000000000002b8       0x30 ./Core/Src/spi.o
 .debug_aranges
                0x00000000000002e8       0x20 ./Core/Src/stm32f4xx_hal_msp.o
 .debug_aranges
                0x0000000000000308       0x68 ./Core/Src/stm32f4xx_it.o
 .debug_aranges
                0x0000000000000370       0x28 ./Core/Src/system_stm32f4xx.o
 .debug_aranges
                0x0000000000000398       0x30 ./Core/Src/tim.o
 .debug_aranges
                0x00000000000003c8       0x28 ./Core/Src/utils.o
 .debug_aranges
                0x00000000000003f0       0x28 ./Core/Startup/startup_stm32f407zetx.o
 .debug_aranges
                0x0000000000000418       0xf0 ./Drivers/STM32F4xx_HAL_Driver/Src/stm32f4xx_hal.o
 .debug_aranges
                0x0000000000000508      0x118 ./Drivers/STM32F4xx_HAL_Driver/Src/stm32f4xx_hal_cortex.o
 .debug_aranges
                0x0000000000000620       0x58 ./Drivers/STM32F4xx_HAL_Driver/Src/stm32f4xx_hal_gpio.o
 .debug_aranges
                0x0000000000000678      0x2a0 ./Drivers/STM32F4xx_HAL_Driver/Src/stm32f4xx_hal_i2c.o
 .debug_aranges
                0x0000000000000918       0x88 ./Drivers/STM32F4xx_HAL_Driver/Src/stm32f4xx_hal_rcc.o
 .debug_aranges
                0x00000000000009a0      0x1d0 ./Drivers/STM32F4xx_HAL_Driver/Src/stm32f4xx_hal_spi.o
 .debug_aranges
                0x0000000000000b70       0xa0 ./Drivers/STM32F4xx_HAL_Driver/Src/stm32f4xx_hal_sram.o
 .debug_aranges
                0x0000000000000c10      0x3d0 ./Drivers/STM32F4xx_HAL_Driver/Src/stm32f4xx_hal_tim.o
 .debug_aranges
                0x0000000000000fe0      0x168 ./Drivers/STM32F4xx_HAL_Driver/Src/stm32f4xx_hal_tim_ex.o
 .debug_aranges
                0x0000000000001148       0xa8 ./Drivers/STM32F4xx_HAL_Driver/Src/stm32f4xx_ll_fsmc.o

.debug_ranges   0x0000000000000000     0x1080
 .debug_ranges  0x0000000000000000       0x18 ./Core/Src/button.o
 .debug_ranges  0x0000000000000018       0x20 ./Core/Src/ds3231.o
 .debug_ranges  0x0000000000000038       0x30 ./Core/Src/fsmc.o
 .debug_ranges  0x0000000000000068       0x10 ./Core/Src/gpio.o
 .debug_ranges  0x0000000000000078       0x20 ./Core/Src/i2c.o
 .debug_ranges  0x0000000000000098       0xd8 ./Core/Src/lcd.o
 .debug_ranges  0x0000000000000170       0x38 ./Core/Src/led_7seg.o
 .debug_ranges  0x00000000000001a8       0x60 ./Core/Src/main.o
 .debug_ranges  0x0000000000000208       0x20 ./Core/Src/software_timer.o
 .debug_ranges  0x0000000000000228       0x20 ./Core/Src/spi.o
 .debug_ranges  0x0000000000000248       0x10 ./Core/Src/stm32f4xx_hal_msp.o
 .debug_ranges  0x0000000000000258       0x58 ./Core/Src/stm32f4xx_it.o
 .debug_ranges  0x00000000000002b0       0x18 ./Core/Src/system_stm32f4xx.o
 .debug_ranges  0x00000000000002c8       0x20 ./Core/Src/tim.o
 .debug_ranges  0x00000000000002e8       0x18 ./Core/Src/utils.o
 .debug_ranges  0x0000000000000300       0x20 ./Core/Startup/startup_stm32f407zetx.o
 .debug_ranges  0x0000000000000320       0xe0 ./Drivers/STM32F4xx_HAL_Driver/Src/stm32f4xx_hal.o
 .debug_ranges  0x0000000000000400      0x108 ./Drivers/STM32F4xx_HAL_Driver/Src/stm32f4xx_hal_cortex.o
 .debug_ranges  0x0000000000000508       0x48 ./Drivers/STM32F4xx_HAL_Driver/Src/stm32f4xx_hal_gpio.o
 .debug_ranges  0x0000000000000550      0x2b8 ./Drivers/STM32F4xx_HAL_Driver/Src/stm32f4xx_hal_i2c.o
 .debug_ranges  0x0000000000000808       0x78 ./Drivers/STM32F4xx_HAL_Driver/Src/stm32f4xx_hal_rcc.o
 .debug_ranges  0x0000000000000880      0x1c0 ./Drivers/STM32F4xx_HAL_Driver/Src/stm32f4xx_hal_spi.o
 .debug_ranges  0x0000000000000a40       0x90 ./Drivers/STM32F4xx_HAL_Driver/Src/stm32f4xx_hal_sram.o
 .debug_ranges  0x0000000000000ad0      0x3c0 ./Drivers/STM32F4xx_HAL_Driver/Src/stm32f4xx_hal_tim.o
 .debug_ranges  0x0000000000000e90      0x158 ./Drivers/STM32F4xx_HAL_Driver/Src/stm32f4xx_hal_tim_ex.o
 .debug_ranges  0x0000000000000fe8       0x98 ./Drivers/STM32F4xx_HAL_Driver/Src/stm32f4xx_ll_fsmc.o

.debug_macro    0x0000000000000000    0x230b2
 .debug_macro   0x0000000000000000      0x230 ./Core/Src/button.o
 .debug_macro   0x0000000000000230      0xa78 ./Core/Src/button.o
 .debug_macro   0x0000000000000ca8      0x2a7 ./Core/Src/button.o
 .debug_macro   0x0000000000000f4f       0x2e ./Core/Src/button.o
 .debug_macro   0x0000000000000f7d       0x2f ./Core/Src/button.o
 .debug_macro   0x0000000000000fac       0x22 ./Core/Src/button.o
 .debug_macro   0x0000000000000fce       0x8e ./Core/Src/button.o
 .debug_macro   0x000000000000105c       0x51 ./Core/Src/button.o
 .debug_macro   0x00000000000010ad      0x103 ./Core/Src/button.o
 .debug_macro   0x00000000000011b0       0x6a ./Core/Src/button.o
 .debug_macro   0x000000000000121a      0x1df ./Core/Src/button.o
 .debug_macro   0x00000000000013f9       0x1c ./Core/Src/button.o
 .debug_macro   0x0000000000001415       0x22 ./Core/Src/button.o
 .debug_macro   0x0000000000001437       0xd9 ./Core/Src/button.o
 .debug_macro   0x0000000000001510     0x102d ./Core/Src/button.o
 .debug_macro   0x000000000000253d      0x11f ./Core/Src/button.o
 .debug_macro   0x000000000000265c    0x15e58 ./Core/Src/button.o
 .debug_macro   0x00000000000184b4       0x6d ./Core/Src/button.o
 .debug_macro   0x0000000000018521     0x3666 ./Core/Src/button.o
 .debug_macro   0x000000000001bb87      0x174 ./Core/Src/button.o
 .debug_macro   0x000000000001bcfb       0x5c ./Core/Src/button.o
 .debug_macro   0x000000000001bd57      0x96b ./Core/Src/button.o
 .debug_macro   0x000000000001c6c2      0x9fe ./Core/Src/button.o
 .debug_macro   0x000000000001d0c0      0x116 ./Core/Src/button.o
 .debug_macro   0x000000000001d1d6      0x13e ./Core/Src/button.o
 .debug_macro   0x000000000001d314       0xa5 ./Core/Src/button.o
 .debug_macro   0x000000000001d3b9      0x174 ./Core/Src/button.o
 .debug_macro   0x000000000001d52d      0x287 ./Core/Src/button.o
 .debug_macro   0x000000000001d7b4       0x5f ./Core/Src/button.o
 .debug_macro   0x000000000001d813      0x236 ./Core/Src/button.o
 .debug_macro   0x000000000001da49      0x12c ./Core/Src/button.o
 .debug_macro   0x000000000001db75      0x21e ./Core/Src/button.o
 .debug_macro   0x000000000001dd93       0x2e ./Core/Src/button.o
 .debug_macro   0x000000000001ddc1      0x543 ./Core/Src/button.o
 .debug_macro   0x000000000001e304      0x1b5 ./Core/Src/button.o
 .debug_macro   0x000000000001e4b9       0xd6 ./Core/Src/button.o
 .debug_macro   0x000000000001e58f      0x11a ./Core/Src/button.o
 .debug_macro   0x000000000001e6a9       0x7e ./Core/Src/button.o
 .debug_macro   0x000000000001e727       0x89 ./Core/Src/button.o
 .debug_macro   0x000000000001e7b0      0x225 ./Core/Src/button.o
 .debug_macro   0x000000000001e9d5      0x8d1 ./Core/Src/button.o
 .debug_macro   0x000000000001f2a6       0x47 ./Core/Src/button.o
 .debug_macro   0x000000000001f2ed      0x12d ./Core/Src/button.o
 .debug_macro   0x000000000001f41a       0x88 ./Core/Src/button.o
 .debug_macro   0x000000000001f4a2      0x23b ./Core/Src/ds3231.o
 .debug_macro   0x000000000001f6dd       0x2e ./Core/Src/ds3231.o
 .debug_macro   0x000000000001f70b      0x21c ./Core/Src/fsmc.o
 .debug_macro   0x000000000001f927      0x21c ./Core/Src/gpio.o
 .debug_macro   0x000000000001fb43      0x21c ./Core/Src/i2c.o
 .debug_macro   0x000000000001fd5f      0x331 ./Core/Src/lcd.o
 .debug_macro   0x0000000000020090       0x1e ./Core/Src/lcd.o
 .debug_macro   0x00000000000200ae       0x52 ./Core/Src/lcd.o
 .debug_macro   0x0000000000020100       0x3c ./Core/Src/lcd.o
 .debug_macro   0x000000000002013c       0x34 ./Core/Src/lcd.o
 .debug_macro   0x0000000000020170       0x16 ./Core/Src/lcd.o
 .debug_macro   0x0000000000020186       0x35 ./Core/Src/lcd.o
 .debug_macro   0x00000000000201bb       0x16 ./Core/Src/lcd.o
 .debug_macro   0x00000000000201d1       0x43 ./Core/Src/lcd.o
 .debug_macro   0x0000000000020214       0x34 ./Core/Src/lcd.o
 .debug_macro   0x0000000000020248       0x10 ./Core/Src/lcd.o
 .debug_macro   0x0000000000020258       0x58 ./Core/Src/lcd.o
 .debug_macro   0x00000000000202b0       0x71 ./Core/Src/lcd.o
 .debug_macro   0x0000000000020321       0x1c ./Core/Src/lcd.o
 .debug_macro   0x000000000002033d      0x12a ./Core/Src/lcd.o
 .debug_macro   0x0000000000020467      0x341 ./Core/Src/lcd.o
 .debug_macro   0x00000000000207a8       0x16 ./Core/Src/lcd.o
 .debug_macro   0x00000000000207be       0x29 ./Core/Src/lcd.o
 .debug_macro   0x00000000000207e7       0x16 ./Core/Src/lcd.o
 .debug_macro   0x00000000000207fd       0x20 ./Core/Src/lcd.o
 .debug_macro   0x000000000002081d       0xca ./Core/Src/lcd.o
 .debug_macro   0x00000000000208e7      0x226 ./Core/Src/led_7seg.o
 .debug_macro   0x0000000000020b0d      0x3a4 ./Core/Src/main.o
 .debug_macro   0x0000000000020eb1      0x22c ./Core/Src/software_timer.o
 .debug_macro   0x00000000000210dd      0x21c ./Core/Src/spi.o
 .debug_macro   0x00000000000212f9      0x212 ./Core/Src/stm32f4xx_hal_msp.o
 .debug_macro   0x000000000002150b      0x21c ./Core/Src/stm32f4xx_it.o
 .debug_macro   0x0000000000021727      0x203 ./Core/Src/system_stm32f4xx.o
 .debug_macro   0x000000000002192a      0x21c ./Core/Src/tim.o
 .debug_macro   0x0000000000021b46       0x6d ./Core/Src/utils.o
 .debug_macro   0x0000000000021bb3      0x263 ./Drivers/STM32F4xx_HAL_Driver/Src/stm32f4xx_hal.o
 .debug_macro   0x0000000000021e16      0x203 ./Drivers/STM32F4xx_HAL_Driver/Src/stm32f4xx_hal_cortex.o
 .debug_macro   0x0000000000022019      0x209 ./Drivers/STM32F4xx_HAL_Driver/Src/stm32f4xx_hal_gpio.o
 .debug_macro   0x0000000000022222      0x24a ./Drivers/STM32F4xx_HAL_Driver/Src/stm32f4xx_hal_i2c.o
 .debug_macro   0x000000000002246c      0x227 ./Drivers/STM32F4xx_HAL_Driver/Src/stm32f4xx_hal_rcc.o
 .debug_macro   0x0000000000022693      0x212 ./Drivers/STM32F4xx_HAL_Driver/Src/stm32f4xx_hal_spi.o
 .debug_macro   0x00000000000228a5      0x203 ./Drivers/STM32F4xx_HAL_Driver/Src/stm32f4xx_hal_sram.o
 .debug_macro   0x0000000000022aa8      0x204 ./Drivers/STM32F4xx_HAL_Driver/Src/stm32f4xx_hal_tim.o
 .debug_macro   0x0000000000022cac      0x203 ./Drivers/STM32F4xx_HAL_Driver/Src/stm32f4xx_hal_tim_ex.o
 .debug_macro   0x0000000000022eaf      0x203 ./Drivers/STM32F4xx_HAL_Driver/Src/stm32f4xx_ll_fsmc.o

.debug_line     0x0000000000000000    0x16947
 .debug_line    0x0000000000000000      0x7a6 ./Core/Src/button.o
 .debug_line    0x00000000000007a6      0x7be ./Core/Src/ds3231.o
 .debug_line    0x0000000000000f64      0x81b ./Core/Src/fsmc.o
 .debug_line    0x000000000000177f      0x779 ./Core/Src/gpio.o
 .debug_line    0x0000000000001ef8      0x784 ./Core/Src/i2c.o
 .debug_line    0x000000000000267c     0x1035 ./Core/Src/lcd.o
 .debug_line    0x00000000000036b1      0x813 ./Core/Src/led_7seg.o
 .debug_line    0x0000000000003ec4      0xac5 ./Core/Src/main.o
 .debug_line    0x0000000000004989      0x782 ./Core/Src/software_timer.o
 .debug_line    0x000000000000510b      0x78c ./Core/Src/spi.o
 .debug_line    0x0000000000005897      0x71b ./Core/Src/stm32f4xx_hal_msp.o
 .debug_line    0x0000000000005fb2      0x7f5 ./Core/Src/stm32f4xx_it.o
 .debug_line    0x00000000000067a7      0x79c ./Core/Src/system_stm32f4xx.o
 .debug_line    0x0000000000006f43      0x788 ./Core/Src/tim.o
 .debug_line    0x00000000000076cb      0x3b7 ./Core/Src/utils.o
 .debug_line    0x0000000000007a82       0x88 ./Core/Startup/startup_stm32f407zetx.o
 .debug_line    0x0000000000007b0a      0xa02 ./Drivers/STM32F4xx_HAL_Driver/Src/stm32f4xx_hal.o
 .debug_line    0x000000000000850c      0xcb1 ./Drivers/STM32F4xx_HAL_Driver/Src/stm32f4xx_hal_cortex.o
 .debug_line    0x00000000000091bd      0xb78 ./Drivers/STM32F4xx_HAL_Driver/Src/stm32f4xx_hal_gpio.o
 .debug_line    0x0000000000009d35     0x39ae ./Drivers/STM32F4xx_HAL_Driver/Src/stm32f4xx_hal_i2c.o
 .debug_line    0x000000000000d6e3      0xd7e ./Drivers/STM32F4xx_HAL_Driver/Src/stm32f4xx_hal_rcc.o
 .debug_line    0x000000000000e461     0x1c8a ./Drivers/STM32F4xx_HAL_Driver/Src/stm32f4xx_hal_spi.o
 .debug_line    0x00000000000100eb      0xba4 ./Drivers/STM32F4xx_HAL_Driver/Src/stm32f4xx_hal_sram.o
 .debug_line    0x0000000000010c8f     0x3702 ./Drivers/STM32F4xx_HAL_Driver/Src/stm32f4xx_hal_tim.o
 .debug_line    0x0000000000014391     0x19ff ./Drivers/STM32F4xx_HAL_Driver/Src/stm32f4xx_hal_tim_ex.o
 .debug_line    0x0000000000015d90      0xbb7 ./Drivers/STM32F4xx_HAL_Driver/Src/stm32f4xx_ll_fsmc.o

.debug_str      0x0000000000000000    0xcf3ae
 .debug_str     0x0000000000000000    0xc7747 ./Core/Src/button.o
                                      0xc7a54 (size before relaxing)
 .debug_str     0x00000000000c7747      0x400 ./Core/Src/ds3231.o
                                      0xc7bb2 (size before relaxing)
 .debug_str     0x00000000000c7b47      0x3ef ./Core/Src/fsmc.o
                                      0xc7c19 (size before relaxing)
 .debug_str     0x00000000000c7f36       0x20 ./Core/Src/gpio.o
                                      0xc76c7 (size before relaxing)
 .debug_str     0x00000000000c7f56       0x58 ./Core/Src/i2c.o
                                      0xc7bf6 (size before relaxing)
 .debug_str     0x00000000000c7fae     0x33d1 ./Core/Src/lcd.o
                                      0xca96e (size before relaxing)
 .debug_str     0x00000000000cb37f       0xa9 ./Core/Src/led_7seg.o
                                      0xc7a91 (size before relaxing)
 .debug_str     0x00000000000cb428      0x26c ./Core/Src/main.o
                                      0xcac1a (size before relaxing)
 .debug_str     0x00000000000cb694      0x2f3 ./Core/Src/software_timer.o
                                      0xc7b16 (size before relaxing)
 .debug_str     0x00000000000cb987       0x4b ./Core/Src/spi.o
                                      0xc7b53 (size before relaxing)
 .debug_str     0x00000000000cb9d2       0x2c ./Core/Src/stm32f4xx_hal_msp.o
                                      0xc75fc (size before relaxing)
 .debug_str     0x00000000000cb9fe       0xec ./Core/Src/stm32f4xx_it.o
                                      0xc7ae0 (size before relaxing)
 .debug_str     0x00000000000cbaea       0xdb ./Core/Src/system_stm32f4xx.o
                                      0xc748a (size before relaxing)
 .debug_str     0x00000000000cbbc5      0x653 ./Core/Src/tim.o
                                      0xc81d1 (size before relaxing)
 .debug_str     0x00000000000cc218       0x14 ./Core/Src/utils.o
                                       0x3c4b (size before relaxing)
 .debug_str     0x00000000000cc22c       0x36 ./Core/Startup/startup_stm32f407zetx.o
                                         0x98 (size before relaxing)
 .debug_str     0x00000000000cc262      0x603 ./Drivers/STM32F4xx_HAL_Driver/Src/stm32f4xx_hal.o
                                      0xc800e (size before relaxing)
 .debug_str     0x00000000000cc865      0x32d ./Drivers/STM32F4xx_HAL_Driver/Src/stm32f4xx_hal_cortex.o
                                      0xc7d41 (size before relaxing)
 .debug_str     0x00000000000ccb92      0x109 ./Drivers/STM32F4xx_HAL_Driver/Src/stm32f4xx_hal_gpio.o
                                      0xc7605 (size before relaxing)
 .debug_str     0x00000000000ccc9b      0xad6 ./Drivers/STM32F4xx_HAL_Driver/Src/stm32f4xx_hal_i2c.o
                                      0xc8455 (size before relaxing)
 .debug_str     0x00000000000cd771      0x213 ./Drivers/STM32F4xx_HAL_Driver/Src/stm32f4xx_hal_rcc.o
                                      0xc78be (size before relaxing)
 .debug_str     0x00000000000cd984      0x544 ./Drivers/STM32F4xx_HAL_Driver/Src/stm32f4xx_hal_spi.o
                                      0xc7d4e (size before relaxing)
 .debug_str     0x00000000000cdec8      0x1a6 ./Drivers/STM32F4xx_HAL_Driver/Src/stm32f4xx_hal_sram.o
                                      0xc7a31 (size before relaxing)
 .debug_str     0x00000000000ce06e      0xda8 ./Drivers/STM32F4xx_HAL_Driver/Src/stm32f4xx_hal_tim.o
                                      0xc8804 (size before relaxing)
 .debug_str     0x00000000000cee16      0x493 ./Drivers/STM32F4xx_HAL_Driver/Src/stm32f4xx_hal_tim_ex.o
                                      0xc8020 (size before relaxing)
 .debug_str     0x00000000000cf2a9      0x105 ./Drivers/STM32F4xx_HAL_Driver/Src/stm32f4xx_ll_fsmc.o
                                      0xc7839 (size before relaxing)

.comment        0x0000000000000000       0x50
 .comment       0x0000000000000000       0x50 ./Core/Src/button.o
                                         0x51 (size before relaxing)
 .comment       0x0000000000000050       0x51 ./Core/Src/ds3231.o
 .comment       0x0000000000000050       0x51 ./Core/Src/fsmc.o
 .comment       0x0000000000000050       0x51 ./Core/Src/gpio.o
 .comment       0x0000000000000050       0x51 ./Core/Src/i2c.o
 .comment       0x0000000000000050       0x51 ./Core/Src/lcd.o
 .comment       0x0000000000000050       0x51 ./Core/Src/led_7seg.o
 .comment       0x0000000000000050       0x51 ./Core/Src/main.o
 .comment       0x0000000000000050       0x51 ./Core/Src/software_timer.o
 .comment       0x0000000000000050       0x51 ./Core/Src/spi.o
 .comment       0x0000000000000050       0x51 ./Core/Src/stm32f4xx_hal_msp.o
 .comment       0x0000000000000050       0x51 ./Core/Src/stm32f4xx_it.o
 .comment       0x0000000000000050       0x51 ./Core/Src/system_stm32f4xx.o
 .comment       0x0000000000000050       0x51 ./Core/Src/tim.o
 .comment       0x0000000000000050       0x51 ./Core/Src/utils.o
 .comment       0x0000000000000050       0x51 ./Drivers/STM32F4xx_HAL_Driver/Src/stm32f4xx_hal.o
 .comment       0x0000000000000050       0x51 ./Drivers/STM32F4xx_HAL_Driver/Src/stm32f4xx_hal_cortex.o
 .comment       0x0000000000000050       0x51 ./Drivers/STM32F4xx_HAL_Driver/Src/stm32f4xx_hal_gpio.o
 .comment       0x0000000000000050       0x51 ./Drivers/STM32F4xx_HAL_Driver/Src/stm32f4xx_hal_i2c.o
 .comment       0x0000000000000050       0x51 ./Drivers/STM32F4xx_HAL_Driver/Src/stm32f4xx_hal_rcc.o
 .comment       0x0000000000000050       0x51 ./Drivers/STM32F4xx_HAL_Driver/Src/stm32f4xx_hal_spi.o
 .comment       0x0000000000000050       0x51 ./Drivers/STM32F4xx_HAL_Driver/Src/stm32f4xx_hal_sram.o
 .comment       0x0000000000000050       0x51 ./Drivers/STM32F4xx_HAL_Driver/Src/stm32f4xx_hal_tim.o
 .comment       0x0000000000000050       0x51 ./Drivers/STM32F4xx_HAL_Driver/Src/stm32f4xx_hal_tim_ex.o
 .comment       0x0000000000000050       0x51 ./Drivers/STM32F4xx_HAL_Driver/Src/stm32f4xx_ll_fsmc.o

.debug_frame    0x0000000000000000     0x49b8
 .debug_frame   0x0000000000000000       0x50 ./Core/Src/button.o
 .debug_frame   0x0000000000000050       0x74 ./Core/Src/ds3231.o
 .debug_frame   0x00000000000000c4       0xbc ./Core/Src/fsmc.o
 .debug_frame   0x0000000000000180       0x34 ./Core/Src/gpio.o
 .debug_frame   0x00000000000001b4       0x74 ./Core/Src/i2c.o
 .debug_frame   0x0000000000000228      0x3e0 ./Core/Src/lcd.o
 .debug_frame   0x0000000000000608       0xe8 ./Core/Src/led_7seg.o
 .debug_frame   0x00000000000006f0      0x160 ./Core/Src/main.o
 .debug_frame   0x0000000000000850       0x78 ./Core/Src/software_timer.o
 .debug_frame   0x00000000000008c8       0x74 ./Core/Src/spi.o
 .debug_frame   0x000000000000093c       0x38 ./Core/Src/stm32f4xx_hal_msp.o
 .debug_frame   0x0000000000000974      0x120 ./Core/Src/stm32f4xx_it.o
 .debug_frame   0x0000000000000a94       0x58 ./Core/Src/system_stm32f4xx.o
 .debug_frame   0x0000000000000aec       0x7c ./Core/Src/tim.o
 .debug_frame   0x0000000000000b68       0x60 ./Core/Src/utils.o
 .debug_frame   0x0000000000000bc8      0x374 ./Drivers/STM32F4xx_HAL_Driver/Src/stm32f4xx_hal.o
 .debug_frame   0x0000000000000f3c      0x498 ./Drivers/STM32F4xx_HAL_Driver/Src/stm32f4xx_hal_cortex.o
 .debug_frame   0x00000000000013d4      0x14c ./Drivers/STM32F4xx_HAL_Driver/Src/stm32f4xx_hal_gpio.o
 .debug_frame   0x0000000000001520      0xc5c ./Drivers/STM32F4xx_HAL_Driver/Src/stm32f4xx_hal_i2c.o
 .debug_frame   0x000000000000217c      0x1f4 ./Drivers/STM32F4xx_HAL_Driver/Src/stm32f4xx_hal_rcc.o
 .debug_frame   0x0000000000002370      0x824 ./Drivers/STM32F4xx_HAL_Driver/Src/stm32f4xx_hal_spi.o
 .debug_frame   0x0000000000002b94      0x2a0 ./Drivers/STM32F4xx_HAL_Driver/Src/stm32f4xx_hal_sram.o
 .debug_frame   0x0000000000002e34     0x11c4 ./Drivers/STM32F4xx_HAL_Driver/Src/stm32f4xx_hal_tim.o
 .debug_frame   0x0000000000003ff8      0x638 ./Drivers/STM32F4xx_HAL_Driver/Src/stm32f4xx_hal_tim_ex.o
 .debug_frame   0x0000000000004630      0x2dc ./Drivers/STM32F4xx_HAL_Driver/Src/stm32f4xx_ll_fsmc.o
 .debug_frame   0x000000000000490c       0x2c c:/st/stm32cubeide_1.10.1/stm32cubeide/plugins/com.st.stm32cube.ide.mcu.externaltools.gnu-tools-for-stm32.10.3-2021.10.win32_1.0.0.202111181127/tools/bin/../lib/gcc/arm-none-eabi/10.3.1/../../../../arm-none-eabi/lib/thumb/v7e-m+fp/hard\libc_nano.a(lib_a-init.o)
 .debug_frame   0x0000000000004938       0x20 c:/st/stm32cubeide_1.10.1/stm32cubeide/plugins/com.st.stm32cube.ide.mcu.externaltools.gnu-tools-for-stm32.10.3-2021.10.win32_1.0.0.202111181127/tools/bin/../lib/gcc/arm-none-eabi/10.3.1/../../../../arm-none-eabi/lib/thumb/v7e-m+fp/hard\libc_nano.a(lib_a-memset.o)
 .debug_frame   0x0000000000004958       0x2c c:/st/stm32cubeide_1.10.1/stm32cubeide/plugins/com.st.stm32cube.ide.mcu.externaltools.gnu-tools-for-stm32.10.3-2021.10.win32_1.0.0.202111181127/tools/bin/../lib/gcc/arm-none-eabi/10.3.1/thumb/v7e-m+fp/hard\libgcc.a(_aeabi_uldivmod.o)
 .debug_frame   0x0000000000004984       0x34 c:/st/stm32cubeide_1.10.1/stm32cubeide/plugins/com.st.stm32cube.ide.mcu.externaltools.gnu-tools-for-stm32.10.3-2021.10.win32_1.0.0.202111181127/tools/bin/../lib/gcc/arm-none-eabi/10.3.1/thumb/v7e-m+fp/hard\libgcc.a(_udivmoddi4.o)
