../Core/Src/lcd.c:15:6:LCD_WR_REG	16	static
../Core/Src/lcd.c:20:6:LCD_WR_DATA	16	static
../Core/Src/lcd.c:25:10:LCD_RD_DATA	16	static
../Core/Src/lcd.c:33:6:lcd_AddressSet	24	static
../Core/Src/lcd.c:49:6:lcd_SetCursor	16	static
../Core/Src/lcd.c:59:6:lcd_DisplayOn	8	static
../Core/Src/lcd.c:64:6:lcd_DisplayOff	8	static
../Core/Src/lcd.c:69:10:lcd_ReadPoint	24	static
../Core/Src/lcd.c:83:6:lcd_Clear	24	static
../Core/Src/lcd.c:100:6:lcd_Fill	32	static
../Core/Src/lcd.c:113:6:lcd_DrawPoint	16	static
../Core/Src/lcd.c:119:6:lcd_DrawLine	64	static
../Core/Src/lcd.c:155:6:lcd_DrawRectangle	32	static
../Core/Src/lcd.c:163:6:lcd_ShowChar	40	static
../Core/Src/lcd.c:207:10:mypow	24	static
../Core/Src/lcd.c:214:6:lcd_ShowIntNum	48	static
../Core/Src/lcd.c:236:6:lcd_ShowFloatNum1	56	static
../Core/Src/lcd.c:255:6:lcd_ShowPicture	40	static
../Core/Src/lcd.c:274:6:lcd_SetDir	16	static
../Core/Src/lcd.c:288:6:lcd_init	8	static
../Core/Src/lcd.c:399:6:_draw_circle_8	24	static
../Core/Src/lcd.c:418:6:lcd_DrawCircle	48	static
../Core/Src/lcd.c:454:6:lcd_ShowStr	56	static
../Core/Src/lcd.c:483:6:lcd_StrCenter	48	static
../Core/Src/lcd.c:489:6:DrawTestPage	32	static
../Core/Src/lcd.c:503:6:lcd_Display	16	static
